Microchip MPLAB XC8 Compiler V2.46

Linker command line:

-W-3 \
  --edf=C:\Program Files\Microchip\xc8\v2.46\pic\dat\20240104201356_en.msgs \
  -cn \
  -h+dist/default/debug\multiherramienta_proyecto_universidad.X.debug.sym \
  --cmf=dist/default/debug\multiherramienta_proyecto_universidad.X.debug.cmf \
  -z -w9 --disl=596:off -Q18F45K50 \
  -oC:\Users\admin\AppData\Local\Temp\xcAsd5o.\driver_tmp_3.o \
  --defsym=__MPLAB_BUILD=1 \
  -Mdist/default/debug/multiherramienta_proyecto_universidad.X.debug.map \
  --md=C:\Users\admin\AppData\Local\Temp\xcAsd5o.\driver_tmp_0.dat -E1 \
  -ver=XC8 Compiler --acfsm=1493 -ACODE=00h-07FFFh -ACONST=00h-07FFFh \
  -ASMALLCONST=0800h-08FFhx120 -AMEDIUMCONST=0800h-07FFFh -ACOMRAM=01h-05Fh \
  -AABS1=00h-07FFh -ABIGRAM=01h-07FFh -ARAM=060h-0FFh,0100h-01FFhx7 \
  -ABANK0=060h-0FFh -ABANK1=0100h-01FFh -ABANK2=0200h-02FFh \
  -ABANK3=0300h-03FFh -ABANK4=0400h-04FFh -ABANK5=0500h-05FFh \
  -ABANK6=0600h-06FFh -ABANK7=0700h-07FFh -ASFR=0F53h-0F5Fh,0F60h-0FFCh \
  -ABIGSFR=0F53h-0FFCh -ACONFIG=0300000h-030000Dh -AIDLOC=0200000h-0200007h \
  -AEEDATA=0F00000h-0F000FFh -peeprom_data=EEDATA \
  -preset_vec=00h,intcode,sivt_hi,intcodelo,sivt_lo,powerup,init \
  -pramtop=0800h -psmallconst=SMALLCONST -pmediumconst=MEDIUMCONST \
  -pconst=CONST -AFARRAM=00h-00h \
  -prdata=COMRAM,nvrram=COMRAM,nvbit=COMRAM,rbss=COMRAM,rbit=COMRAM \
  -pfarbss=FARRAM,fardata=FARRAM,nvFARRAM=FARRAM \
  -pintsave_regs=BIGRAM,bigbss=BIGRAM,bigdata=BIGRAM -pbss=RAM \
  -pidata=CODE,irdata=CODE,ibigdata=CODE,ifardata=CODE \
  C:\Users\admin\AppData\Local\Temp\xcAsd5o.\driver_tmp_14.o \
  dist/default/debug\multiherramienta_proyecto_universidad.X.debug.o 

Object code version is 3.11

Machine type is 18F45K50



                Name                               Link     Load   Length Selector   Space Scale
C:\Users\admin\AppData\Local\Temp\xcAsd5o.\driver_tmp_14.o
                config                           300000   300000        E        0       4
                init                                  2        2        4        0       0
                reset_vec                             0        0        2        0       0
dist/default/debug\multiherramienta_proyecto_universidad.X.debug.o
                config                           300000   300000        E        0       4
                mediumconst                        7D48     7D48      2B8     3EA4       0
                text28                             781A     781A      216     3C0D       0
                text27                             6FCC     6FCC       C4     37E6       0
                text26                             6F1C     6F1C       B0     378E       0
                text25                             6C76     6C76       34     363B       0
                text24                             6B3E     6B3E       16     359F       0
                text23                             6B20     6B20        A     3590       0
                text22                             7158     7158       CA     38AC       0
                text21                             7A30     7A30      318     3D18       0
                text20                             6CE8     6CE8       46     3674       0
                text19                             6BA4     6BA4       1E     35D2       0
                text18                             7566     7566      152     3AB3       0
                text17                             7426     7426      140     3A13       0
                text16                             6C44     6C44       32     3622       0
                text15                             6E92     6E92       8A     3749       0
                text14                             6B54     6B54       1A     35AA       0
                text13                             6B88     6B88       1C     35C4       0
                text12                             6B2A     6B2A       14     3595       0
                text11                             6CAA     6CAA       3E     3655       0
                text10                             6BE8     6BE8       2C     35F4       0
                text9                              6BC2     6BC2       26     35E1       0
                text8                              6C14     6C14       30     360A       0
                text7                              7222     7222       D2     3911       0
                text6                              6B6E     6B6E       1A     35B7       0
                text5                              7090     7090       C8     3848       0
                text4                              6DCC     6DCC       5E     36E6       0
                text3                              6E2A     6E2A       68     3715       0
                text2                              72F4     72F4      132     397A       0
                text1                              76B8     76B8      162     3B5C       0
                text0                              6D7C     6D7C       50     36BE       0
                cstackCOMRAM                          1        1       31        1       1
                bssBANK1                            100      100       50      100       1
                bssBANK0                             60       60       84       60       1
                dataCOMRAM                           4A       4A        6        1       1
                bssCOMRAM                            32       32       18        1       1
                cinit                              6D2E     6D2E       4E     3697       0
                idataCOMRAM                        6B1A     6B1A        6     6B1A       0

TOTAL           Name                               Link     Load   Length     Space
        CLASS   CODE           
                init                                  2        2        4         0
                reset_vec                             0        0        2         0
                text28                             781A     781A      216         0
                text27                             6FCC     6FCC       C4         0
                text26                             6F1C     6F1C       B0         0
                text25                             6C76     6C76       34         0
                text24                             6B3E     6B3E       16         0
                text23                             6B20     6B20        A         0
                text22                             7158     7158       CA         0
                text21                             7A30     7A30      318         0
                text20                             6CE8     6CE8       46         0
                text19                             6BA4     6BA4       1E         0
                text18                             7566     7566      152         0
                text17                             7426     7426      140         0
                text16                             6C44     6C44       32         0
                text15                             6E92     6E92       8A         0
                text14                             6B54     6B54       1A         0
                text13                             6B88     6B88       1C         0
                text12                             6B2A     6B2A       14         0
                text11                             6CAA     6CAA       3E         0
                text10                             6BE8     6BE8       2C         0
                text9                              6BC2     6BC2       26         0
                text8                              6C14     6C14       30         0
                text7                              7222     7222       D2         0
                text6                              6B6E     6B6E       1A         0
                text5                              7090     7090       C8         0
                text4                              6DCC     6DCC       5E         0
                text3                              6E2A     6E2A       68         0
                text2                              72F4     72F4      132         0
                text1                              76B8     76B8      162         0
                text0                              6D7C     6D7C       50         0
                cinit                              6D2E     6D2E       4E         0
                idataCOMRAM                        6B1A     6B1A        6         0

        CLASS   CONST          

        CLASS   SMALLCONST     

        CLASS   MEDIUMCONST    
                mediumconst                        7D48     7D48      2B8         0

        CLASS   COMRAM         
                cstackCOMRAM                          1        1       31         1
                dataCOMRAM                           4A       4A        6         1
                bssCOMRAM                            32       32       18         1

        CLASS   ABS1           

        CLASS   BIGRAM         

        CLASS   RAM            

        CLASS   BANK0          
                bssBANK0                             60       60       84         1

        CLASS   BANK1          
                bssBANK1                            100      100       50         1

        CLASS   BANK2          

        CLASS   BANK3          

        CLASS   BANK4          

        CLASS   BANK5          

        CLASS   BANK6          

        CLASS   BANK7          

        CLASS   SFR            

        CLASS   BIGSFR         

        CLASS   CONFIG         
                config                           300000   300000        E         4

        CLASS   IDLOC          

        CLASS   EEDATA         

        CLASS   FARRAM         

        CLASS   HEAP           

        CLASS   STACK          



SEGMENTS        Name                           Load    Length   Top    Selector   Space  Class

                reset_vec                      000000  000006  000006         0       0  CODE    
                cstackCOMRAM                   000001  00004F  000050         1       1  COMRAM  
                bssBANK0                       000060  000084  0000E4        60       1  BANK0   
                bssBANK1                       000100  000050  000150       100       1  BANK1   
                idataCOMRAM                    006B1A  000006  006B20      6B1A       0  CODE    
                text23                         006B20  00000A  006B2A      3590       0  CODE    
                text12                         006B2A  000014  006B3E      3595       0  CODE    
                text24                         006B3E  000016  006B54      359F       0  CODE    
                text14                         006B54  00001A  006B6E      35AA       0  CODE    
                text6                          006B6E  00001A  006B88      35B7       0  CODE    
                text13                         006B88  00001C  006BA4      35C4       0  CODE    
                text19                         006BA4  00001E  006BC2      35D2       0  CODE    
                text9                          006BC2  000026  006BE8      35E1       0  CODE    
                text10                         006BE8  00002C  006C14      35F4       0  CODE    
                text8                          006C14  000030  006C44      360A       0  CODE    
                text16                         006C44  000032  006C76      3622       0  CODE    
                text25                         006C76  000034  006CAA      363B       0  CODE    
                text11                         006CAA  00003E  006CE8      3655       0  CODE    
                text20                         006CE8  000046  006D2E      3674       0  CODE    
                cinit                          006D2E  00004E  006D7C      3697       0  CODE    
                text0                          006D7C  000050  006DCC      36BE       0  CODE    
                text4                          006DCC  00005E  006E2A      36E6       0  CODE    
                text3                          006E2A  000068  006E92      3715       0  CODE    
                text15                         006E92  00008A  006F1C      3749       0  CODE    
                text26                         006F1C  0000B0  006FCC      378E       0  CODE    
                text27                         006FCC  0000C4  007090      37E6       0  CODE    
                text5                          007090  0000C8  007158      3848       0  CODE    
                text22                         007158  0000CA  007222      38AC       0  CODE    
                text7                          007222  0000D2  0072F4      3911       0  CODE    
                text2                          0072F4  000132  007426      397A       0  CODE    
                text17                         007426  000140  007566      3A13       0  CODE    
                text18                         007566  000152  0076B8      3AB3       0  CODE    
                text1                          0076B8  000162  00781A      3B5C       0  CODE    
                text28                         00781A  000216  007A30      3C0D       0  CODE    
                text21                         007A30  000318  007D48      3D18       0  CODE    
                mediumconst                    007D48  0002B8  008000      3EA4       0  MEDIUMCO


UNUSED ADDRESS RANGES

        Name                Unused          Largest block    Delta
        BANK0            0000E4-0000FF               1C
        BANK1            000150-0001FF               B0
        BANK2            000200-0002FF              100
        BANK3            000300-0003FF              100
        BANK4            000400-0004FF              100
        BANK5            000500-0005FF              100
        BANK6            000600-0006FF              100
        BANK7            000700-0007FF              100
        BIGRAM           000050-00005F               10
                         0000E4-0000FF               1C
                         000150-0007FF              6B0
        BIGSFR           000F53-000FFC               AA
        CODE             000006-006B19             6B14
        COMRAM           000050-00005F               10
        CONST            000006-006B19             6B14
        EEDATA           F00000-F000FF              100
        IDLOC            200000-200007                8
        MEDIUMCONST      000800-006B19             631A
        RAM              0000E4-0000FF               1C
                         000150-0007FF              100
        SFR              000F53-000FFC                D
        SMALLCONST       000800-006B19              100

                                  Symbol Table

?___awdiv                   cstackCOMRAM 000001
?___awmod                   cstackCOMRAM 000001
?_abs                       cstackCOMRAM 000007
?_printf                    cstackCOMRAM 000023
?_vfprintf                  cstackCOMRAM 00001C
CL_ErrorHandler@errorCode   cstackCOMRAM 00002C
Clock_Init@bItTimeEn        cstackCOMRAM 000007
Clock_Init@bStatus          cstackCOMRAM 000003
Clock_Init@bStatus_497      cstackCOMRAM 000004
Clock_Init@bStatus_498      cstackCOMRAM 000005
Clock_Init@bStatus_501      cstackCOMRAM 000006
Clock_Init@returnCode       cstackCOMRAM 000008
Clock_Init@s16Timeout       cstackCOMRAM 000001
UART_ErrorHandler@errorCode cstackCOMRAM 00002C
UART_Init@baudrate          cstackCOMRAM 00002A
UART_Tx@dato                cstackCOMRAM 000001
UART_select_baud@baudrate   cstackCOMRAM 000001
_ANSELC                     (abs)        000F5D
_BAUDCON1                   (abs)        000FB8
_BRG161                     (abs)        007DC3
_BRGH1                      (abs)        007D62
_CL_CommandHandler                             
_CL_ErrorHandler            text7        007222
_CREN                       (abs)        007D5C
_Clock_Init                 text28       00781A
_OSCCON2bits                (abs)        000FD2
_OSCCONbits                 (abs)        000FD3
_OSCTUNEbits                (abs)        000F9B
_RC1IF                      (abs)        007CF5
_RCREG                      (abs)        000FAE
_RCREG1                     (abs)        000FAE
_RCSTAbits                  (abs)        000FAB
_SPBRG                      (abs)        000FAF
_SPBRGH                     (abs)        000FB0
_SPEN                       (abs)        007D5F
_SYNC1                      (abs)        007D64
_TRISC6                     (abs)        007CA6
_TRISC7                     (abs)        007CA7
_TRMT                       (abs)        007D61
_TXEN1                      (abs)        007D65
_TXREG1                     (abs)        000FAD
_TXSTA1bits                 (abs)        000FAC
_TXSTAbits                  (abs)        000FAC
_UART_ErrorHandler          text15       006E92
_UART_Init                  text16       006C44
_UART_Rx                    text12       006B2A
_UART_RxAvailable           text11       006CAA
_UART_Rx_FRAMING            text14       006B54
_UART_Rx_OVERFLOW           text13       006B88
_UART_Tx                    text24       006B3E
_UART_config_show           text18       007566
_UART_select_baud           text17       007426
__HRAM                      (abs)        000000
__H__absolute__             __absolute__ 000000
__Habs1                     abs1         000000
__Hbank0                    bank0        000000
__Hbank1                    bank1        000000
__Hbank2                    bank2        000000
__Hbank3                    bank3        000000
__Hbank4                    bank4        000000
__Hbank5                    bank5        000000
__Hbank6                    bank6        000000
__Hbank7                    bank7        000000
__Hbigbss                   bigbss       000000
__Hbigdata                  bigdata      000000
__Hbigram                   bigram       000000
__Hbigsfr                   bigsfr       000000
__Hbss                      bss          000000
__HbssBANK0                 bssBANK0     000000
__HbssBANK1                 bssBANK1     000000
__HbssCOMRAM                bssCOMRAM    000000
__Hcinit                    cinit        000000
__Hclrtext                  clrtext      000000
__Hcomram                   comram       000000
__Hconfig                   config       30000E
__Hconst                    const        000000
__HcstackCOMRAM             cstackCOMRAM 000000
__Hdata                     data         000000
__HdataCOMRAM               dataCOMRAM   000000
__Heeprom_data              eeprom_data  000000
__Hfarbss                   farbss       000000
__Hfardata                  fardata      000000
__Hheap                     heap         000000
__Hibigdata                 ibigdata     000000
__Hidata                    idata        000000
__HidataCOMRAM              idataCOMRAM  000000
__Hidloc                    idloc        000000
__Hifardata                 ifardata     000000
__Hinit                     init         000006
__Hintcode                  intcode      000002
__Hintcode_body             intcode_body 000000
__Hintcodelo                intcodelo    000002
__Hintentry                 intentry     000000
__Hintret                   intret       000000
__Hintsave_regs             intsave_regs 000000
__Hirdata                   irdata       000000
__Hmediumconst              mediumconst  008000
__HnvFARRAM                 nvFARRAM     000000
__Hnvbit                    nvbit        000000
__Hnvrram                   nvrram       000000
__Hparam                    rparam       000000
__Hpowerup                  powerup      000002
__Hram                      ram          000000
__Hramtop                   ramtop       000800
__Hrbit                     rbit         000000
__Hrbss                     rbss         000000
__Hrdata                    rdata        000000
__Hreset_vec                reset_vec    000002
__Hrparam                   rparam       000000
__Hsfr                      sfr          000000
__Hsivt_hi                  sivt_hi      000002
__Hsivt_lo                  sivt_lo      000002
__Hsmallconst               smallconst   000000
__Hspace_0                  (abs)        008000
__Hspace_1                  (abs)        000150
__Hspace_2                  (abs)        000000
__Hspace_4                  (abs)        60000E
__Hstack                    stack        000000
__Hstruct                   struct       000000
__Htemp                     temp         000000
__Htext                     text         000000
__Htext0                    text0        000000
__Htext1                    text1        000000
__Htext10                   text10       000000
__Htext11                   text11       000000
__Htext12                   text12       000000
__Htext13                   text13       000000
__Htext14                   text14       000000
__Htext15                   text15       000000
__Htext16                   text16       000000
__Htext17                   text17       000000
__Htext18                   text18       000000
__Htext19                   text19       000000
__Htext2                    text2        000000
__Htext20                   text20       000000
__Htext21                   text21       000000
__Htext22                   text22       000000
__Htext23                   text23       000000
__Htext24                   text24       000000
__Htext25                   text25       000000
__Htext26                   text26       000000
__Htext27                   text27       000000
__Htext28                   text28       000000
__Htext3                    text3        000000
__Htext4                    text4        000000
__Htext5                    text5        000000
__Htext6                    text6        000000
__Htext7                    text7        000000
__Htext8                    text8        000000
__Htext9                    text9        000000
__LRAM                      (abs)        000001
__L__absolute__             __absolute__ 000000
__Labs1                     abs1         000000
__Lbank0                    bank0        000000
__Lbank1                    bank1        000000
__Lbank2                    bank2        000000
__Lbank3                    bank3        000000
__Lbank4                    bank4        000000
__Lbank5                    bank5        000000
__Lbank6                    bank6        000000
__Lbank7                    bank7        000000
__Lbigbss                   bigbss       000000
__Lbigdata                  bigdata      000000
__Lbigram                   bigram       000000
__Lbigsfr                   bigsfr       000000
__Lbss                      bss          000000
__LbssBANK0                 bssBANK0     000000
__LbssBANK1                 bssBANK1     000000
__LbssCOMRAM                bssCOMRAM    000000
__Lcinit                    cinit        000000
__Lclrtext                  clrtext      000000
__Lcomram                   comram       000000
__Lconfig                   config       000000
__Lconst                    const        000000
__LcstackCOMRAM             cstackCOMRAM 000000
__Ldata                     data         000000
__LdataCOMRAM               dataCOMRAM   000000
__Leeprom_data              eeprom_data  000000
__Lfarbss                   farbss       000000
__Lfardata                  fardata      000000
__Lheap                     heap         000000
__Libigdata                 ibigdata     000000
__Lidata                    idata        000000
__LidataCOMRAM              idataCOMRAM  000000
__Lidloc                    idloc        000000
__Lifardata                 ifardata     000000
__Linit                     init         000002
__Lintcode                  intcode      000002
__Lintcode_body             intcode_body 000000
__Lintcodelo                intcodelo    000002
__Lintentry                 intentry     000000
__Lintret                   intret       000000
__Lintsave_regs             intsave_regs 000000
__Lirdata                   irdata       000000
__Lmediumconst              mediumconst  007D48
__LnvFARRAM                 nvFARRAM     000000
__Lnvbit                    nvbit        000000
__Lnvrram                   nvrram       000000
__Lparam                    rparam       000000
__Lpowerup                  powerup      000002
__Lram                      ram          000000
__Lramtop                   ramtop       000800
__Lrbit                     rbit         000000
__Lrbss                     rbss         000000
__Lrdata                    rdata        000000
__Lreset_vec                reset_vec    000000
__Lrparam                   rparam       000000
__Lsfr                      sfr          000000
__Lsivt_hi                  sivt_hi      000002
__Lsivt_lo                  sivt_lo      000002
__Lsmallconst               smallconst   000000
__Lspace_0                  (abs)        000000
__Lspace_1                  (abs)        000000
__Lspace_2                  (abs)        000000
__Lspace_4                  (abs)        000000
__Lstack                    stack        000000
__Lstruct                   struct       000000
__Ltemp                     temp         000000
__Ltext                     text         000000
__Ltext0                    text0        000000
__Ltext1                    text1        000000
__Ltext10                   text10       000000
__Ltext11                   text11       000000
__Ltext12                   text12       000000
__Ltext13                   text13       000000
__Ltext14                   text14       000000
__Ltext15                   text15       000000
__Ltext16                   text16       000000
__Ltext17                   text17       000000
__Ltext18                   text18       000000
__Ltext19                   text19       000000
__Ltext2                    text2        000000
__Ltext20                   text20       000000
__Ltext21                   text21       000000
__Ltext22                   text22       000000
__Ltext23                   text23       000000
__Ltext24                   text24       000000
__Ltext25                   text25       000000
__Ltext26                   text26       000000
__Ltext27                   text27       000000
__Ltext28                   text28       000000
__Ltext3                    text3        000000
__Ltext4                    text4        000000
__Ltext5                    text5        000000
__Ltext6                    text6        000000
__Ltext7                    text7        000000
__Ltext8                    text8        000000
__Ltext9                    text9        000000
__S0                        (abs)        008000
__S1                        (abs)        000150
__S4                        (abs)        000000
__S5                        (abs)        000000
___awdiv                    text27       006FCC
___awdiv@counter            cstackCOMRAM 000005
___awdiv@dividend           cstackCOMRAM 000001
___awdiv@divisor            cstackCOMRAM 000003
___awdiv@quotient           cstackCOMRAM 000007
___awdiv@sign               cstackCOMRAM 000006
___awmod                    text26       006F1C
___awmod@counter            cstackCOMRAM 000005
___awmod@dividend           cstackCOMRAM 000001
___awmod@divisor            cstackCOMRAM 000003
___awmod@sign               cstackCOMRAM 000006
___heap_hi                  (abs)        000000
___heap_lo                  (abs)        000000
___inthi_sp                 stack        000000
___inthi_stack_hi           stack        000000
___inthi_stack_lo           stack        000000
___intlo_sp                 stack        000000
___intlo_stack_hi           stack        000000
___intlo_stack_lo           stack        000000
___param_bank               (abs)        000000
___rparam_used              (abs)        000001
___sp                       stack        000000
___stack_hi                 stack        000000
___stack_lo                 stack        000000
__accesstop                 (abs)        000060
__activetblptr              (abs)        000002
__end_of_CL_ErrorHandler    text7        0072F4
__end_of_Clock_Init         text28       007A30
__end_of_UART_ErrorHandler  text15       006F1C
__end_of_UART_Init          text16       006C76
__end_of_UART_Rx            text12       006B3E
__end_of_UART_RxAvailable   text11       006CE8
__end_of_UART_Rx_FRAMING    text14       006B6E
__end_of_UART_Rx_OVERFLOW   text13       006BA4
__end_of_UART_Tx            text24       006B54
__end_of_UART_config_show   text18       0076B8
__end_of_UART_select_baud   text17       007566
__end_of___awdiv            text27       007090
__end_of___awmod            text26       006FCC
__end_of__initialization    cinit        006D72
__end_of_abs                text25       006CAA
__end_of_addToBuffer        text5        007158
__end_of_cantParams         mediumconst  007D4C
__end_of_charStop           mediumconst  007D4D
__end_of_clearArray         text10       006C14
__end_of_clearBuff          text9        006BE8
__end_of_clearCharInLine    text6        006B88
__end_of_commandLineInit    text4        006E2A
__end_of_commandLineReset   text8        006C44
__end_of_commandProcess     text1        00781A
__end_of_countWords         text3        006E92
__end_of_fputc              text22       007222
__end_of_getWord            text2        007426
__end_of_main               text0        006DCC
__end_of_printf             text19       006BC2
__end_of_putch              text23       006B2A
__end_of_vfpfcnvrt          text21       007D48
__end_of_vfprintf           text20       006D2E
__initialization            cinit        006D2E
__mediumconst               mediumconst  007D48
__pbssBANK0                 bssBANK0     000060
__pbssBANK1                 bssBANK1     000100
__pbssCOMRAM                bssCOMRAM    000032
__pcinit                    cinit        006D2E
__pcstackCOMRAM             cstackCOMRAM 000001
__pdataCOMRAM               dataCOMRAM   00004A
__pidataCOMRAM              idataCOMRAM  006B1A
__pmediumconst              mediumconst  007D48
__ptext0                    text0        006D7C
__ptext1                    text1        0076B8
__ptext10                   text10       006BE8
__ptext11                   text11       006CAA
__ptext12                   text12       006B2A
__ptext13                   text13       006B88
__ptext14                   text14       006B54
__ptext15                   text15       006E92
__ptext16                   text16       006C44
__ptext17                   text17       007426
__ptext18                   text18       007566
__ptext19                   text19       006BA4
__ptext2                    text2        0072F4
__ptext20                   text20       006CE8
__ptext21                   text21       007A30
__ptext22                   text22       007158
__ptext23                   text23       006B20
__ptext24                   text24       006B3E
__ptext25                   text25       006C76
__ptext26                   text26       006F1C
__ptext27                   text27       006FCC
__ptext28                   text28       00781A
__ptext3                    text3        006E2A
__ptext4                    text4        006DCC
__ptext5                    text5        007090
__ptext6                    text6        006B6E
__ptext7                    text7        007222
__ptext8                    text8        006C14
__ptext9                    text9        006BC2
__ramtop                    ramtop       000800
__smallconst                smallconst   000000
_abs                        text25       006C76
_addToBuffer                text5        007090
_buffCount                  bssCOMRAM    000039
_cantParams                 mediumconst  007D49
_charBuff                   bssBANK0     000060
_clearArray                 text10       006BE8
_clearBuff                  text9        006BC2
_clearCharInLine            text6        006B6E
_comandos                   dataCOMRAM   00004A
_command                    bssCOMRAM    00003A
_commandLineEnable          bssCOMRAM    000038
_commandLineInit            text4        006DCC
_commandLineReset           text8        006C14
_commandProcess             text1        0076B8
_countWords                 text3        006E2A
_dbuf                       bssBANK0     0000C4
_flagCommandReady           bssCOMRAM    000037
_flags                      bssCOMRAM    000036
_fputc                      text22       007158
_getWord                    text2        0072F4
_main                       text0        006D7C
_param                      bssBANK1     000100
_prec                       bssCOMRAM    000034
_printf                     text19       006BA4
_putch                      text23       006B20
_vfpfcnvrt                  text21       007A30
_vfprintf                   text20       006CE8
_width                      bssCOMRAM    000032
abs@a                       cstackCOMRAM 000007
addToBuffer@newchar         cstackCOMRAM 00002D
clearArray@array            cstackCOMRAM 000001
clearArray@i                cstackCOMRAM 000004
clearArray@len              cstackCOMRAM 000003
clearBuff@i                 cstackCOMRAM 000001
commandProcess@i            cstackCOMRAM 000030
commandProcess@nWords       cstackCOMRAM 00002F
commandProcess@status       cstackCOMRAM 000031
countWords@currChar         cstackCOMRAM 000003
countWords@i                cstackCOMRAM 000002
countWords@numWords         cstackCOMRAM 000001
end_of_initialization       cinit        006D72
fputc@c                     cstackCOMRAM 000003
fputc@fp                    cstackCOMRAM 000005
getWord@active              cstackCOMRAM 000017
getWord@buffId              cstackCOMRAM 00001A
getWord@delimitCount        cstackCOMRAM 000014
getWord@i                   cstackCOMRAM 000018
getWord@pWord               cstackCOMRAM 000001
getWord@tmpWord             cstackCOMRAM 000004
getWord@wordId              cstackCOMRAM 000016
getWord@wordNum             cstackCOMRAM 000015
intlevel0                   text         000000
intlevel1                   text         000000
intlevel2                   text         000000
intlevel3                   text         000000
isa$std                     (abs)        000001
isa$xinst                   (abs)        000000
printf@ap                   cstackCOMRAM 000029
printf@fmt                  cstackCOMRAM 000023
putch@data                  cstackCOMRAM 000002
stackhi                     (abs)        000000
stacklo                     (abs)        000000
start                       init         000002
start_initialization        cinit        006D2E
vfpfcnvrt@ap                cstackCOMRAM 00000F
vfpfcnvrt@c                 cstackCOMRAM 00001B
vfpfcnvrt@convarg           cstackCOMRAM 000017
vfpfcnvrt@cp                cstackCOMRAM 000014
vfpfcnvrt@cp_1116           cstackCOMRAM 000012
vfpfcnvrt@done              cstackCOMRAM 000016
vfpfcnvrt@fmt               cstackCOMRAM 00000E
vfpfcnvrt@fp                cstackCOMRAM 00000C
vfprintf@ap                 cstackCOMRAM 000020
vfprintf@cfmt               cstackCOMRAM 000021
vfprintf@fmt                cstackCOMRAM 00001E
vfprintf@fp                 cstackCOMRAM 00001C
