Microchip MPLAB XC8 Compiler V2.46

Linker command line:

-W-3 \
  --edf=C:\Program Files\Microchip\xc8\v2.46\pic\dat\20240104201356_en.msgs \
  -cn \
  -h+dist/default/production\multiherramienta_proyecto_universidad.X.production.sym \
  --cmf=dist/default/production\multiherramienta_proyecto_universidad.X.production.cmf \
  -z -Q18F45K50 -oC:\Users\admin\AppData\Local\Temp\xcAso74.\driver_tmp_3.o \
  --defsym=__MPLAB_BUILD=1 --fixupoverflow=error \
  -Mdist/default/production/multiherramienta_proyecto_universidad.X.production.map \
  --md=C:\Users\admin\AppData\Local\Temp\xcAso74.\driver_tmp_0.dat -E1 \
  -ver=XC8 Compiler --acfsm=1493 -ACODE=00h-07FFFh -ACONST=00h-07FFFh \
  -ASMALLCONST=0800h-08FFhx120 -AMEDIUMCONST=0800h-07FFFh -ACOMRAM=01h-05Fh \
  -AABS1=00h-07FFh -ABIGRAM=01h-07FFh -ARAM=060h-0FFh,0100h-01FFhx7 \
  -ABANK0=060h-0FFh -ABANK1=0100h-01FFh -ABANK2=0200h-02FFh \
  -ABANK3=0300h-03FFh -ABANK4=0400h-04FFh -ABANK5=0500h-05FFh \
  -ABANK6=0600h-06FFh -ABANK7=0700h-07FFh -ASFR=0F53h-0F5Fh,0F60h-0FFFh \
  -ABIGSFR=0F53h-0FFFh -ACONFIG=0300000h-030000Dh -AIDLOC=0200000h-0200007h \
  -AEEDATA=0F00000h-0F000FFh -peeprom_data=EEDATA \
  -preset_vec=00h,intcode,sivt_hi,intcodelo,sivt_lo,powerup,init \
  -pramtop=0800h -psmallconst=SMALLCONST -pmediumconst=MEDIUMCONST \
  -pconst=CONST -AFARRAM=00h-00h \
  -prdata=COMRAM,nvrram=COMRAM,nvbit=COMRAM,rbss=COMRAM,rbit=COMRAM \
  -pfarbss=FARRAM,fardata=FARRAM,nvFARRAM=FARRAM \
  -pintsave_regs=BIGRAM,bigbss=BIGRAM,bigdata=BIGRAM -pbss=RAM \
  -pidata=CODE,irdata=CODE,ibigdata=CODE,ifardata=CODE -prparam=COMRAM \
  C:\Users\admin\AppData\Local\Temp\xcAso74.\driver_tmp_14.o \
  dist/default/production\multiherramienta_proyecto_universidad.X.production.o 

Object code version is 3.11

Machine type is 18F45K50



                Name                               Link     Load   Length Selector   Space Scale
C:\Users\admin\AppData\Local\Temp\xcAso74.\driver_tmp_14.o
                config                           300000   300000        E        0       4
                init                                  0        0        4        0       0
dist/default/production\multiherramienta_proyecto_universidad.X.production.o
                config                           300000   300000        E        0       4
                mediumconst                        7EE4     7EE4      11C     3F72       0
                text16                             7CCE     7CCE      216     3E67       0
                text15                             73CE     73CE       16     39E7       0
                text14                             73C4     73C4        A     39E2       0
                text13                             762C     762C       CA     3B16       0
                text12                             7942     7942      192     3CA1       0
                text11                             7472     7472       5E     3A39       0
                text10                             73FA     73FA       22     39FD       0
                text9                              7532     7532       76     3A99       0
                text8                              76F6     76F6      10C     3B7B       0
                text7                              75A8     75A8       84     3AD4       0
                text6                              7446     7446       2C     3A23       0
                text5                              73B8     73B8        4     39DC       0
                text4                              73BC     73BC        8     39DE       0
                text3                              7AD4     7AD4      1FA     3D6A       0
                text2                              7802     7802      140     3C01       0
                text1                              741C     741C       2A     3A0E       0
                text0                              74D0     74D0       62     3A68       0
                cstackCOMRAM                          1        1       36        1       1
                bssCOMRAM                            37       37       27        1       1
                cinit                              73E4     73E4       16     39F2       0

TOTAL           Name                               Link     Load   Length     Space
        CLASS   CODE           
                init                                  0        0        4         0
                text16                             7CCE     7CCE      216         0
                text15                             73CE     73CE       16         0
                text14                             73C4     73C4        A         0
                text13                             762C     762C       CA         0
                text12                             7942     7942      192         0
                text11                             7472     7472       5E         0
                text10                             73FA     73FA       22         0
                text9                              7532     7532       76         0
                text8                              76F6     76F6      10C         0
                text7                              75A8     75A8       84         0
                text6                              7446     7446       2C         0
                text5                              73B8     73B8        4         0
                text4                              73BC     73BC        8         0
                text3                              7AD4     7AD4      1FA         0
                text2                              7802     7802      140         0
                text1                              741C     741C       2A         0
                text0                              74D0     74D0       62         0
                cinit                              73E4     73E4       16         0

        CLASS   CONST          

        CLASS   SMALLCONST     

        CLASS   MEDIUMCONST    
                mediumconst                        7EE4     7EE4      11C         0

        CLASS   COMRAM         
                cstackCOMRAM                          1        1       36         1
                bssCOMRAM                            37       37       27         1

        CLASS   ABS1           

        CLASS   BIGRAM         

        CLASS   RAM            

        CLASS   BANK0          

        CLASS   BANK1          

        CLASS   BANK2          

        CLASS   BANK3          

        CLASS   BANK4          

        CLASS   BANK5          

        CLASS   BANK6          

        CLASS   BANK7          

        CLASS   SFR            

        CLASS   BIGSFR         

        CLASS   CONFIG         
                config                           300000   300000        E         4

        CLASS   IDLOC          

        CLASS   EEDATA         

        CLASS   FARRAM         

        CLASS   HEAP           

        CLASS   STACK          



SEGMENTS        Name                           Load    Length   Top    Selector   Space  Class

                reset_vec                      000000  000004  000004         0       0  CODE    
                cstackCOMRAM                   000001  00005D  00005E         1       1  COMRAM  
                text5                          0073B8  000004  0073BC      39DC       0  CODE    
                text4                          0073BC  000008  0073C4      39DE       0  CODE    
                text14                         0073C4  00000A  0073CE      39E2       0  CODE    
                text15                         0073CE  000016  0073E4      39E7       0  CODE    
                cinit                          0073E4  000016  0073FA      39F2       0  CODE    
                text10                         0073FA  000022  00741C      39FD       0  CODE    
                text1                          00741C  00002A  007446      3A0E       0  CODE    
                text6                          007446  00002C  007472      3A23       0  CODE    
                text11                         007472  00005E  0074D0      3A39       0  CODE    
                text0                          0074D0  000062  007532      3A68       0  CODE    
                text9                          007532  000076  0075A8      3A99       0  CODE    
                text7                          0075A8  000084  00762C      3AD4       0  CODE    
                text13                         00762C  0000CA  0076F6      3B16       0  CODE    
                text8                          0076F6  00010C  007802      3B7B       0  CODE    
                text2                          007802  000140  007942      3C01       0  CODE    
                text12                         007942  000192  007AD4      3CA1       0  CODE    
                text3                          007AD4  0001FA  007CCE      3D6A       0  CODE    
                text16                         007CCE  000216  007EE4      3E67       0  CODE    
                mediumconst                    007EE4  00011C  008000      3F72       0  MEDIUMCO


UNUSED ADDRESS RANGES

        Name                Unused          Largest block    Delta
        BANK0            000060-0000FF               A0
        BANK1            000100-0001FF              100
        BANK2            000200-0002FF              100
        BANK3            000300-0003FF              100
        BANK4            000400-0004FF              100
        BANK5            000500-0005FF              100
        BANK6            000600-0006FF              100
        BANK7            000700-0007FF              100
        BIGRAM           00005E-0007FF              7A2
        BIGSFR           000F53-000FFF               AD
        CODE             000004-0073B7             73B4
        COMRAM           00005E-00005F                2
        CONST            000004-0073B7             73B4
        EEDATA           F00000-F000FF              100
        IDLOC            200000-200007                8
        MEDIUMCONST      000800-0073B7             6BB8
        RAM              000060-0007FF              100
        SFR              000F53-000FFF                D
        SMALLCONST       000800-0073B7              100

                                  Symbol Table

?___aldiv                  cstackCOMRAM 000001
?_printf                   cstackCOMRAM 000021
?_vfpfcnvrt                cstackCOMRAM 00000C
?_vfprintf                 cstackCOMRAM 000018
Clock_Init@bItTimeEn       cstackCOMRAM 000007
Clock_Init@bStatus         cstackCOMRAM 000003
Clock_Init@bStatus_555     cstackCOMRAM 000004
Clock_Init@bStatus_556     cstackCOMRAM 000005
Clock_Init@bStatus_559     cstackCOMRAM 000006
Clock_Init@returnCode      cstackCOMRAM 000008
Clock_Init@s16Timeout      cstackCOMRAM 000001
SPI_BaudRateGen@FClock     cstackCOMRAM 000028
SPI_BaudRateGen@baudReg    cstackCOMRAM 000030
SPI_ErrorHandler@errorCode cstackCOMRAM 000027
SPI_write@dato             cstackCOMRAM 000001
UART_Init@baudrate         cstackCOMRAM 000025
UART_Tx@dato               cstackCOMRAM 000001
UART_select_baud@baudrate  cstackCOMRAM 000001
_BAUDCON1bits              (abs)        000FB8
_BRG161                    (abs)        007DC3
_BRGH1                     (abs)        007D62
_CREN                      (abs)        007D5C
_Clock_Init                text16       007CCE
_OSCCON2bits               (abs)        000FD2
_OSCCONbits                (abs)        000FD3
_OSCTUNEbits               (abs)        000F9B
_RC1IF                     (abs)        007CF5
_RCREG                     (abs)        000FAE
_RCREG1                    (abs)        000FAE
_RCSTAbits                 (abs)        000FAB
_SPBRG                     (abs)        000FAF
_SPBRGH                    (abs)        000FB0
_SPEN                      (abs)        007D5F
_SPI_BaudRateGen           text7        0075A8
_SPI_ErrorHandler          text9        007532
_SPI_master_init           text6        007446
_SPI_read                  text5        0073B8
_SPI_write                 text4        0073BC
_SSP1ADD                   (abs)        000FC8
_SSPBUF                    (abs)        000FC9
_SSPCON1bits               (abs)        000FC6
_SSPEN                     (abs)        007E35
_SYNC1                     (abs)        007D64
_TRISAbits                 (abs)        000F92
_TRISBbits                 (abs)        000F93
_TRISC6                    (abs)        007CA6
_TRISC7                    (abs)        007CA7
_TRMT                      (abs)        007D61
_TXEN1                     (abs)        007D65
_TXREG1                    (abs)        000FAD
_TXSTA1bits                (abs)        000FAC
_TXSTAbits                 (abs)        000FAC
_UART_Init                 text1        00741C
_UART_Tx                   text15       0073CE
_UART_config_show          text3        007AD4
_UART_select_baud          text2        007802
__HRAM                     (abs)        000000
__H__absolute__            __absolute__ 000000
__Habs1                    abs1         000000
__Hbank0                   bank0        000000
__Hbank1                   bank1        000000
__Hbank2                   bank2        000000
__Hbank3                   bank3        000000
__Hbank4                   bank4        000000
__Hbank5                   bank5        000000
__Hbank6                   bank6        000000
__Hbank7                   bank7        000000
__Hbigbss                  bigbss       000000
__Hbigdata                 bigdata      000000
__Hbigram                  bigram       000000
__Hbigsfr                  bigsfr       000000
__Hbss                     bss          000000
__HbssCOMRAM               bssCOMRAM    000000
__Hcinit                   cinit        000000
__Hclrtext                 clrtext      000000
__Hcomram                  comram       000000
__Hconfig                  config       30000E
__Hconst                   const        000000
__HcstackCOMRAM            cstackCOMRAM 000000
__Hdata                    data         000000
__Heeprom_data             eeprom_data  000000
__Hfarbss                  farbss       000000
__Hfardata                 fardata      000000
__Hheap                    heap         000000
__Hibigdata                ibigdata     000000
__Hidata                   idata        000000
__Hidloc                   idloc        000000
__Hifardata                ifardata     000000
__Hinit                    init         000004
__Hintcode                 intcode      000000
__Hintcode_body            intcode_body 000000
__Hintcodelo               intcodelo    000000
__Hintentry                intentry     000000
__Hintret                  intret       000000
__Hintsave_regs            intsave_regs 000000
__Hirdata                  irdata       000000
__Hmediumconst             mediumconst  008000
__HnvFARRAM                nvFARRAM     000000
__Hnvbit                   nvbit        000000
__Hnvrram                  nvrram       000000
__Hparam                   rparam       000000
__Hpowerup                 powerup      000000
__Hram                     ram          000000
__Hramtop                  ramtop       000800
__Hrbit                    rbit         000000
__Hrbss                    rbss         000000
__Hrdata                   rdata        000000
__Hreset_vec               reset_vec    000000
__Hrparam                  rparam       000000
__Hsfr                     sfr          000000
__Hsivt_hi                 sivt_hi      000000
__Hsivt_lo                 sivt_lo      000000
__Hsmallconst              smallconst   000000
__Hspace_0                 (abs)        008000
__Hspace_1                 (abs)        00005E
__Hspace_2                 (abs)        000000
__Hspace_4                 (abs)        60000E
__Hstack                   stack        000000
__Hstruct                  struct       000000
__Htemp                    temp         000000
__Htext                    text         000000
__Htext0                   text0        000000
__Htext1                   text1        000000
__Htext10                  text10       000000
__Htext11                  text11       000000
__Htext12                  text12       000000
__Htext13                  text13       000000
__Htext14                  text14       000000
__Htext15                  text15       000000
__Htext16                  text16       000000
__Htext2                   text2        000000
__Htext3                   text3        000000
__Htext4                   text4        000000
__Htext5                   text5        000000
__Htext6                   text6        000000
__Htext7                   text7        000000
__Htext8                   text8        000000
__Htext9                   text9        000000
__LRAM                     (abs)        000001
__L__absolute__            __absolute__ 000000
__Labs1                    abs1         000000
__Lbank0                   bank0        000000
__Lbank1                   bank1        000000
__Lbank2                   bank2        000000
__Lbank3                   bank3        000000
__Lbank4                   bank4        000000
__Lbank5                   bank5        000000
__Lbank6                   bank6        000000
__Lbank7                   bank7        000000
__Lbigbss                  bigbss       000000
__Lbigdata                 bigdata      000000
__Lbigram                  bigram       000000
__Lbigsfr                  bigsfr       000000
__Lbss                     bss          000000
__LbssCOMRAM               bssCOMRAM    000000
__Lcinit                   cinit        000000
__Lclrtext                 clrtext      000000
__Lcomram                  comram       000000
__Lconfig                  config       000000
__Lconst                   const        000000
__LcstackCOMRAM            cstackCOMRAM 000000
__Ldata                    data         000000
__Leeprom_data             eeprom_data  000000
__Lfarbss                  farbss       000000
__Lfardata                 fardata      000000
__Lheap                    heap         000000
__Libigdata                ibigdata     000000
__Lidata                   idata        000000
__Lidloc                   idloc        000000
__Lifardata                ifardata     000000
__Linit                    init         000000
__Lintcode                 intcode      000000
__Lintcode_body            intcode_body 000000
__Lintcodelo               intcodelo    000000
__Lintentry                intentry     000000
__Lintret                  intret       000000
__Lintsave_regs            intsave_regs 000000
__Lirdata                  irdata       000000
__Lmediumconst             mediumconst  007EE4
__LnvFARRAM                nvFARRAM     000000
__Lnvbit                   nvbit        000000
__Lnvrram                  nvrram       000000
__Lparam                   rparam       000000
__Lpowerup                 powerup      000000
__Lram                     ram          000000
__Lramtop                  ramtop       000800
__Lrbit                    rbit         000000
__Lrbss                    rbss         000000
__Lrdata                   rdata        000000
__Lreset_vec               reset_vec    000000
__Lrparam                  rparam       000000
__Lsfr                     sfr          000000
__Lsivt_hi                 sivt_hi      000000
__Lsivt_lo                 sivt_lo      000000
__Lsmallconst              smallconst   000000
__Lspace_0                 (abs)        000000
__Lspace_1                 (abs)        000000
__Lspace_2                 (abs)        000000
__Lspace_4                 (abs)        000000
__Lstack                   stack        000000
__Lstruct                  struct       000000
__Ltemp                    temp         000000
__Ltext                    text         000000
__Ltext0                   text0        000000
__Ltext1                   text1        000000
__Ltext10                  text10       000000
__Ltext11                  text11       000000
__Ltext12                  text12       000000
__Ltext13                  text13       000000
__Ltext14                  text14       000000
__Ltext15                  text15       000000
__Ltext16                  text16       000000
__Ltext2                   text2        000000
__Ltext3                   text3        000000
__Ltext4                   text4        000000
__Ltext5                   text5        000000
__Ltext6                   text6        000000
__Ltext7                   text7        000000
__Ltext8                   text8        000000
__Ltext9                   text9        000000
__S0                       (abs)        008000
__S1                       (abs)        00005E
__S4                       (abs)        000000
__S5                       (abs)        000000
___aldiv                   text8        0076F6
___aldiv@counter           cstackCOMRAM 000009
___aldiv@dividend          cstackCOMRAM 000001
___aldiv@divisor           cstackCOMRAM 000005
___aldiv@quotient          cstackCOMRAM 00000B
___aldiv@sign              cstackCOMRAM 00000A
___heap_hi                 (abs)        000000
___heap_lo                 (abs)        000000
___inthi_sp                stack        000000
___inthi_stack_hi          stack        000000
___inthi_stack_lo          stack        000000
___intlo_sp                stack        000000
___intlo_stack_hi          stack        000000
___intlo_stack_lo          stack        000000
___param_bank              (abs)        000000
___rparam_used             (abs)        000001
___sp                      stack        000000
___stack_hi                stack        000000
___stack_lo                stack        000000
__accesstop                (abs)        000060
__activetblptr             (abs)        000002
__end_of_Clock_Init        text16       007EE4
__end_of_SPI_BaudRateGen   text7        00762C
__end_of_SPI_ErrorHandler  text9        0075A8
__end_of_SPI_master_init   text6        007472
__end_of_SPI_read          text5        0073BC
__end_of_SPI_write         text4        0073C4
__end_of_UART_Init         text1        007446
__end_of_UART_Tx           text15       0073E4
__end_of_UART_config_show  text3        007CCE
__end_of_UART_select_baud  text2        007942
__end_of___aldiv           text8        007802
__end_of__initialization   cinit        0073F0
__end_of_fputc             text13       0076F6
__end_of_main              text0        007532
__end_of_printf            text10       00741C
__end_of_putch             text14       0073CE
__end_of_vfpfcnvrt         text12       007AD4
__end_of_vfprintf          text11       0074D0
__initialization           cinit        0073E4
__mediumconst              mediumconst  007EE4
__pbssCOMRAM               bssCOMRAM    000037
__pcinit                   cinit        0073E4
__pcstackCOMRAM            cstackCOMRAM 000001
__pmediumconst             mediumconst  007EE4
__ptext0                   text0        0074D0
__ptext1                   text1        00741C
__ptext10                  text10       0073FA
__ptext11                  text11       007472
__ptext12                  text12       007942
__ptext13                  text13       00762C
__ptext14                  text14       0073C4
__ptext15                  text15       0073CE
__ptext16                  text16       007CCE
__ptext2                   text2        007802
__ptext3                   text3        007AD4
__ptext4                   text4        0073BC
__ptext5                   text5        0073B8
__ptext6                   text6        007446
__ptext7                   text7        0075A8
__ptext8                   text8        0076F6
__ptext9                   text9        007532
__ramtop                   ramtop       000800
__smallconst               smallconst   000000
_flags                     bssCOMRAM    00005D
_fputc                     text13       00762C
_main                      text0        0074D0
_nout                      bssCOMRAM    000057
_prec                      bssCOMRAM    00005B
_printf                    text10       0073FA
_putch                     text14       0073C4
_vfpfcnvrt                 text12       007942
_vfprintf                  text11       007472
_width                     bssCOMRAM    000059
end_of_initialization      cinit        0073F0
fputc@c                    cstackCOMRAM 000003
fputc@fp                   cstackCOMRAM 000005
intlevel0                  text         000000
intlevel1                  text         000000
intlevel2                  text         000000
intlevel3                  text         000000
isa$std                    (abs)        000001
isa$xinst                  (abs)        000000
printf@ap                  cstackCOMRAM 000024
printf@fmt                 cstackCOMRAM 000021
putch@data                 cstackCOMRAM 000002
stackhi                    (abs)        000000
stacklo                    (abs)        000000
start                      init         000000
start_initialization       cinit        0073E4
vfpfcnvrt@ap               cstackCOMRAM 00000F
vfpfcnvrt@cp               cstackCOMRAM 000015
vfpfcnvrt@fmt              cstackCOMRAM 00000E
vfpfcnvrt@fp               cstackCOMRAM 00000C
vfprintf@ap                cstackCOMRAM 00001D
vfprintf@cfmt              cstackCOMRAM 00001E
vfprintf@fmt               cstackCOMRAM 00001A
vfprintf@fp                cstackCOMRAM 000018


MODULE INFORMATION

Module		Function		Class		Link	Load	Size
C:\Program Files\Microchip\xc8\v2.46\pic\sources\c99\common\printf.c
		_printf        		CODE           	73FA	0000	34

C:\Program Files\Microchip\xc8\v2.46\pic\sources\c99\common\printf.c estimated size: 34

C:\Program Files\Microchip\xc8\v2.46\pic\sources\c99\common\nf_fputc.c
		_fputc         		CODE           	762C	0000	202

C:\Program Files\Microchip\xc8\v2.46\pic\sources\c99\common\nf_fputc.c estimated size: 202

librerias/variables.c
		_SPI_ErrorHandler		CODE           	7532	0000	118

librerias/variables.c estimated size: 118

librerias/SPI.c
		_SPI_read      		CODE           	73B8	0000	4
		_SPI_BaudRateGen		CODE           	75A8	0000	132
		_SPI_master_init		CODE           	7446	0000	44
		_SPI_write     		CODE           	73BC	0000	8

librerias/SPI.c estimated size: 188

C:\Program Files\Microchip\xc8\v2.46\pic\sources\c99\common\aldiv.c
		___aldiv       		CODE           	76F6	0000	268

C:\Program Files\Microchip\xc8\v2.46\pic\sources\c99\common\aldiv.c estimated size: 268

C:\Program Files\Microchip\xc8\v2.46\pic\sources\c99\common\doprnt.c
		_vfpfcnvrt     		CODE           	7942	0000	402
		_vfprintf      		CODE           	7472	0000	94

C:\Program Files\Microchip\xc8\v2.46\pic\sources\c99\common\doprnt.c estimated size: 496

shared
		__initialization		CODE           	73E4	0000	12

shared estimated size: 12

librerias/clock.c
		_Clock_Init    		CODE           	7CCE	0000	534

librerias/clock.c estimated size: 534

librerias/UART.c
		_UART_config_show		CODE           	7AD4	0000	506
		_putch         		CODE           	73C4	0000	10
		_UART_Init     		CODE           	741C	0000	42
		_UART_select_baud		CODE           	7802	0000	320
		_UART_Tx       		CODE           	73CE	0000	22

librerias/UART.c estimated size: 900

main.c
		_main          		CODE           	74D0	0000	98

main.c estimated size: 98

