Microchip MPLAB XC8 Compiler V2.46

Linker command line:

-W-3 \
  --edf=C:\Program Files\Microchip\xc8\v2.46\pic\dat\20240104201356_en.msgs \
  -cn \
  -h+dist/default/production\multiherramienta_proyecto_universidad.X.production.sym \
  --cmf=dist/default/production\multiherramienta_proyecto_universidad.X.production.cmf \
  -z -Q18F45K50 -oC:\Users\admin\AppData\Local\Temp\xcAsep8.\driver_tmp_3.o \
  --defsym=__MPLAB_BUILD=1 --fixupoverflow=error \
  -Mdist/default/production/multiherramienta_proyecto_universidad.X.production.map \
  --md=C:\Users\admin\AppData\Local\Temp\xcAsep8.\driver_tmp_0.dat -E1 \
  -ver=XC8 Compiler --acfsm=1493 -ACODE=00h-07FFFh -ACONST=00h-07FFFh \
  -ASMALLCONST=0800h-08FFhx120 -AMEDIUMCONST=0800h-07FFFh -ACOMRAM=01h-05Fh \
  -AABS1=00h-07FFh -ABIGRAM=01h-07FFh -ARAM=060h-0FFh,0100h-01FFhx7 \
  -ABANK0=060h-0FFh -ABANK1=0100h-01FFh -ABANK2=0200h-02FFh \
  -ABANK3=0300h-03FFh -ABANK4=0400h-04FFh -ABANK5=0500h-05FFh \
  -ABANK6=0600h-06FFh -ABANK7=0700h-07FFh -ASFR=0F53h-0F5Fh,0F60h-0FFFh \
  -ABIGSFR=0F53h-0FFFh -ACONFIG=0300000h-030000Dh -AIDLOC=0200000h-0200007h \
  -AEEDATA=0F00000h-0F000FFh -peeprom_data=EEDATA \
  -preset_vec=00h,intcode,sivt_hi,intcodelo,sivt_lo,powerup,init \
  -pramtop=0800h -psmallconst=SMALLCONST -pmediumconst=MEDIUMCONST \
  -pconst=CONST -AFARRAM=00h-00h \
  -prdata=COMRAM,nvrram=COMRAM,nvbit=COMRAM,rbss=COMRAM,rbit=COMRAM \
  -pfarbss=FARRAM,fardata=FARRAM,nvFARRAM=FARRAM \
  -pintsave_regs=BIGRAM,bigbss=BIGRAM,bigdata=BIGRAM -pbss=RAM \
  -pidata=CODE,irdata=CODE,ibigdata=CODE,ifardata=CODE -prparam=COMRAM \
  C:\Users\admin\AppData\Local\Temp\xcAsep8.\driver_tmp_14.o \
  dist/default/production\multiherramienta_proyecto_universidad.X.production.o 

Object code version is 3.11

Machine type is 18F45K50



                Name                               Link     Load   Length Selector   Space Scale
C:\Users\admin\AppData\Local\Temp\xcAsep8.\driver_tmp_14.o
                config                           300000   300000        E        0       4
                init                                  0        0        4        0       0
dist/default/production\multiherramienta_proyecto_universidad.X.production.o
                config                           300000   300000        E        0       4
                mediumconst                        7D2C     7D2C      2D4     3E96       0
                text32                             77D0     77D0      216     3BE8       0
                text31                             6EA6     6EA6       C4     3753       0
                text30                             6DF6     6DF6       B0     36FB       0
                text29                             6AA4     6AA4       34     3552       0
                text28                             6956     6956       16     34AB       0
                text27                             6938     6938        A     349C       0
                text26                             7032     7032       CA     3819       0
                text25                             79E6     79E6      346     3CF3       0
                text24                             6B5A     6B5A       46     35AD       0
                text23                             69D2     69D2       1E     34E9       0
                text22                             751C     751C      152     3A8E       0
                text21                             73DC     73DC      140     39EE       0
                text20                             6A72     6A72       32     3539       0
                text19                             6D6C     6D6C       8A     36B6       0
                text18                             6982     6982       1A     34C1       0
                text17                             69B6     69B6       1C     34DB       0
                text16                             6942     6942       14     34A1       0
                text15                             6AD8     6AD8       3E     356C       0
                text14                             6A16     6A16       2C     350B       0
                text13                             69F0     69F0       26     34F8       0
                text12                             6A42     6A42       30     3521       0
                text11                             70FC     70FC       D2     387E       0
                text10                             699C     699C       1A     34CE       0
                text9                              6F6A     6F6A       C8     37B5       0
                text8                              6C3E     6C3E       5E     361F       0
                text7                              6B16     6B16       44     358B       0
                text6                              696C     696C       16     34B6       0
                text5                              6C9C     6C9C       68     364E       0
                text4                              71CE     71CE       DC     38E7       0
                text3                              6D04     6D04       68     3682       0
                text2                              72AA     72AA      132     3955       0
                text1                              766E     766E      162     3B37       0
                text0                              6BEE     6BEE       50     35F7       0
                cstackCOMRAM                          1        1       37        1       1
                bssBANK1                            100      100       50      100       1
                bssBANK0                             60       60       84       60       1
                dataCOMRAM                           50       50        6        1       1
                bssCOMRAM                            38       38       18        1       1
                cinit                              6BA0     6BA0       4E     35D0       0
                idataCOMRAM                        6932     6932        6     6932       0

TOTAL           Name                               Link     Load   Length     Space
        CLASS   CODE           
                init                                  0        0        4         0
                text32                             77D0     77D0      216         0
                text31                             6EA6     6EA6       C4         0
                text30                             6DF6     6DF6       B0         0
                text29                             6AA4     6AA4       34         0
                text28                             6956     6956       16         0
                text27                             6938     6938        A         0
                text26                             7032     7032       CA         0
                text25                             79E6     79E6      346         0
                text24                             6B5A     6B5A       46         0
                text23                             69D2     69D2       1E         0
                text22                             751C     751C      152         0
                text21                             73DC     73DC      140         0
                text20                             6A72     6A72       32         0
                text19                             6D6C     6D6C       8A         0
                text18                             6982     6982       1A         0
                text17                             69B6     69B6       1C         0
                text16                             6942     6942       14         0
                text15                             6AD8     6AD8       3E         0
                text14                             6A16     6A16       2C         0
                text13                             69F0     69F0       26         0
                text12                             6A42     6A42       30         0
                text11                             70FC     70FC       D2         0
                text10                             699C     699C       1A         0
                text9                              6F6A     6F6A       C8         0
                text8                              6C3E     6C3E       5E         0
                text7                              6B16     6B16       44         0
                text6                              696C     696C       16         0
                text5                              6C9C     6C9C       68         0
                text4                              71CE     71CE       DC         0
                text3                              6D04     6D04       68         0
                text2                              72AA     72AA      132         0
                text1                              766E     766E      162         0
                text0                              6BEE     6BEE       50         0
                cinit                              6BA0     6BA0       4E         0
                idataCOMRAM                        6932     6932        6         0

        CLASS   CONST          

        CLASS   SMALLCONST     

        CLASS   MEDIUMCONST    
                mediumconst                        7D2C     7D2C      2D4         0

        CLASS   COMRAM         
                cstackCOMRAM                          1        1       37         1
                dataCOMRAM                           50       50        6         1
                bssCOMRAM                            38       38       18         1

        CLASS   ABS1           

        CLASS   BIGRAM         

        CLASS   RAM            

        CLASS   BANK0          
                bssBANK0                             60       60       84         1

        CLASS   BANK1          
                bssBANK1                            100      100       50         1

        CLASS   BANK2          

        CLASS   BANK3          

        CLASS   BANK4          

        CLASS   BANK5          

        CLASS   BANK6          

        CLASS   BANK7          

        CLASS   SFR            

        CLASS   BIGSFR         

        CLASS   CONFIG         
                config                           300000   300000        E         4

        CLASS   IDLOC          

        CLASS   EEDATA         

        CLASS   FARRAM         

        CLASS   HEAP           

        CLASS   STACK          



SEGMENTS        Name                           Load    Length   Top    Selector   Space  Class

                reset_vec                      000000  000004  000004         0       0  CODE    
                cstackCOMRAM                   000001  000055  000056         1       1  COMRAM  
                bssBANK0                       000060  000084  0000E4        60       1  BANK0   
                bssBANK1                       000100  000050  000150       100       1  BANK1   
                idataCOMRAM                    006932  000006  006938      6932       0  CODE    
                text27                         006938  00000A  006942      349C       0  CODE    
                text16                         006942  000014  006956      34A1       0  CODE    
                text28                         006956  000016  00696C      34AB       0  CODE    
                text6                          00696C  000016  006982      34B6       0  CODE    
                text18                         006982  00001A  00699C      34C1       0  CODE    
                text10                         00699C  00001A  0069B6      34CE       0  CODE    
                text17                         0069B6  00001C  0069D2      34DB       0  CODE    
                text23                         0069D2  00001E  0069F0      34E9       0  CODE    
                text13                         0069F0  000026  006A16      34F8       0  CODE    
                text14                         006A16  00002C  006A42      350B       0  CODE    
                text12                         006A42  000030  006A72      3521       0  CODE    
                text20                         006A72  000032  006AA4      3539       0  CODE    
                text29                         006AA4  000034  006AD8      3552       0  CODE    
                text15                         006AD8  00003E  006B16      356C       0  CODE    
                text7                          006B16  000044  006B5A      358B       0  CODE    
                text24                         006B5A  000046  006BA0      35AD       0  CODE    
                cinit                          006BA0  00004E  006BEE      35D0       0  CODE    
                text0                          006BEE  000050  006C3E      35F7       0  CODE    
                text8                          006C3E  00005E  006C9C      361F       0  CODE    
                text5                          006C9C  000068  006D04      364E       0  CODE    
                text3                          006D04  000068  006D6C      3682       0  CODE    
                text19                         006D6C  00008A  006DF6      36B6       0  CODE    
                text30                         006DF6  0000B0  006EA6      36FB       0  CODE    
                text31                         006EA6  0000C4  006F6A      3753       0  CODE    
                text9                          006F6A  0000C8  007032      37B5       0  CODE    
                text26                         007032  0000CA  0070FC      3819       0  CODE    
                text11                         0070FC  0000D2  0071CE      387E       0  CODE    
                text4                          0071CE  0000DC  0072AA      38E7       0  CODE    
                text2                          0072AA  000132  0073DC      3955       0  CODE    
                text21                         0073DC  000140  00751C      39EE       0  CODE    
                text22                         00751C  000152  00766E      3A8E       0  CODE    
                text1                          00766E  000162  0077D0      3B37       0  CODE    
                text32                         0077D0  000216  0079E6      3BE8       0  CODE    
                text25                         0079E6  000346  007D2C      3CF3       0  CODE    
                mediumconst                    007D2C  0002D4  008000      3E96       0  MEDIUMCO


UNUSED ADDRESS RANGES

        Name                Unused          Largest block    Delta
        BANK0            0000E4-0000FF               1C
        BANK1            000150-0001FF               B0
        BANK2            000200-0002FF              100
        BANK3            000300-0003FF              100
        BANK4            000400-0004FF              100
        BANK5            000500-0005FF              100
        BANK6            000600-0006FF              100
        BANK7            000700-0007FF              100
        BIGRAM           000056-00005F                A
                         0000E4-0000FF               1C
                         000150-0007FF              6B0
        BIGSFR           000F53-000FFF               AD
        CODE             000004-006931             692E
        COMRAM           000056-00005F                A
        CONST            000004-006931             692E
        EEDATA           F00000-F000FF              100
        IDLOC            200000-200007                8
        MEDIUMCONST      000800-006931             6132
        RAM              0000E4-0000FF               1C
                         000150-0007FF              100
        SFR              000F53-000FFF                D
        SMALLCONST       000800-006931              100

                                  Symbol Table

?___awdiv                   cstackCOMRAM 000001
?___awmod                   cstackCOMRAM 000001
?_abs                       cstackCOMRAM 000007
?_printf                    cstackCOMRAM 000023
?_strcmp                    cstackCOMRAM 000001
?_vfprintf                  cstackCOMRAM 00001C
CL_CommandHandler@i         cstackCOMRAM 00002E
CL_CommandHandler@numParams cstackCOMRAM 00002D
CL_ErrorHandler@errorCode   cstackCOMRAM 00002C
Clock_Init@bItTimeEn        cstackCOMRAM 000007
Clock_Init@bStatus          cstackCOMRAM 000003
Clock_Init@bStatus_497      cstackCOMRAM 000004
Clock_Init@bStatus_498      cstackCOMRAM 000005
Clock_Init@bStatus_501      cstackCOMRAM 000006
Clock_Init@returnCode       cstackCOMRAM 000008
Clock_Init@s16Timeout       cstackCOMRAM 000001
UART_ErrorHandler@errorCode cstackCOMRAM 00002C
UART_Init@baudrate          cstackCOMRAM 00002A
UART_Tx@dato                cstackCOMRAM 000001
UART_select_baud@baudrate   cstackCOMRAM 000001
_ANSELC                     (abs)        000F5D
_BAUDCON1                   (abs)        000FB8
_BRG161                     (abs)        007DC3
_BRGH1                      (abs)        007D62
_CL_CommandHandler          text4        0071CE
_CL_ErrorHandler            text11       0070FC
_CREN                       (abs)        007D5C
_Clock_Init                 text32       0077D0
_OSCCON2bits                (abs)        000FD2
_OSCCONbits                 (abs)        000FD3
_OSCTUNEbits                (abs)        000F9B
_RC1IF                      (abs)        007CF5
_RCREG                      (abs)        000FAE
_RCREG1                     (abs)        000FAE
_RCSTAbits                  (abs)        000FAB
_SPBRG                      (abs)        000FAF
_SPBRGH                     (abs)        000FB0
_SPEN                       (abs)        007D5F
_SYNC1                      (abs)        007D64
_TRISC6                     (abs)        007CA6
_TRISC7                     (abs)        007CA7
_TRMT                       (abs)        007D61
_TXEN1                      (abs)        007D65
_TXREG1                     (abs)        000FAD
_TXSTA1bits                 (abs)        000FAC
_TXSTAbits                  (abs)        000FAC
_UART_ErrorHandler          text19       006D6C
_UART_Init                  text20       006A72
_UART_Rx                    text16       006942
_UART_RxAvailable           text15       006AD8
_UART_Rx_FRAMING            text18       006982
_UART_Rx_OVERFLOW           text17       0069B6
_UART_Tx                    text28       006956
_UART_config_show           text22       00751C
_UART_select_baud           text21       0073DC
__HRAM                      (abs)        000000
__H__absolute__             __absolute__ 000000
__Habs1                     abs1         000000
__Hbank0                    bank0        000000
__Hbank1                    bank1        000000
__Hbank2                    bank2        000000
__Hbank3                    bank3        000000
__Hbank4                    bank4        000000
__Hbank5                    bank5        000000
__Hbank6                    bank6        000000
__Hbank7                    bank7        000000
__Hbigbss                   bigbss       000000
__Hbigdata                  bigdata      000000
__Hbigram                   bigram       000000
__Hbigsfr                   bigsfr       000000
__Hbss                      bss          000000
__HbssBANK0                 bssBANK0     000000
__HbssBANK1                 bssBANK1     000000
__HbssCOMRAM                bssCOMRAM    000000
__Hcinit                    cinit        000000
__Hclrtext                  clrtext      000000
__Hcomram                   comram       000000
__Hconfig                   config       30000E
__Hconst                    const        000000
__HcstackCOMRAM             cstackCOMRAM 000000
__Hdata                     data         000000
__HdataCOMRAM               dataCOMRAM   000000
__Heeprom_data              eeprom_data  000000
__Hfarbss                   farbss       000000
__Hfardata                  fardata      000000
__Hheap                     heap         000000
__Hibigdata                 ibigdata     000000
__Hidata                    idata        000000
__HidataCOMRAM              idataCOMRAM  000000
__Hidloc                    idloc        000000
__Hifardata                 ifardata     000000
__Hinit                     init         000004
__Hintcode                  intcode      000000
__Hintcode_body             intcode_body 000000
__Hintcodelo                intcodelo    000000
__Hintentry                 intentry     000000
__Hintret                   intret       000000
__Hintsave_regs             intsave_regs 000000
__Hirdata                   irdata       000000
__Hmediumconst              mediumconst  008000
__HnvFARRAM                 nvFARRAM     000000
__Hnvbit                    nvbit        000000
__Hnvrram                   nvrram       000000
__Hparam                    rparam       000000
__Hpowerup                  powerup      000000
__Hram                      ram          000000
__Hramtop                   ramtop       000800
__Hrbit                     rbit         000000
__Hrbss                     rbss         000000
__Hrdata                    rdata        000000
__Hreset_vec                reset_vec    000000
__Hrparam                   rparam       000000
__Hsfr                      sfr          000000
__Hsivt_hi                  sivt_hi      000000
__Hsivt_lo                  sivt_lo      000000
__Hsmallconst               smallconst   000000
__Hspace_0                  (abs)        008000
__Hspace_1                  (abs)        000150
__Hspace_2                  (abs)        000000
__Hspace_4                  (abs)        60000E
__Hstack                    stack        000000
__Hstruct                   struct       000000
__Htemp                     temp         000000
__Htext                     text         000000
__Htext0                    text0        000000
__Htext1                    text1        000000
__Htext10                   text10       000000
__Htext11                   text11       000000
__Htext12                   text12       000000
__Htext13                   text13       000000
__Htext14                   text14       000000
__Htext15                   text15       000000
__Htext16                   text16       000000
__Htext17                   text17       000000
__Htext18                   text18       000000
__Htext19                   text19       000000
__Htext2                    text2        000000
__Htext20                   text20       000000
__Htext21                   text21       000000
__Htext22                   text22       000000
__Htext23                   text23       000000
__Htext24                   text24       000000
__Htext25                   text25       000000
__Htext26                   text26       000000
__Htext27                   text27       000000
__Htext28                   text28       000000
__Htext29                   text29       000000
__Htext3                    text3        000000
__Htext30                   text30       000000
__Htext31                   text31       000000
__Htext32                   text32       000000
__Htext4                    text4        000000
__Htext5                    text5        000000
__Htext6                    text6        000000
__Htext7                    text7        000000
__Htext8                    text8        000000
__Htext9                    text9        000000
__LRAM                      (abs)        000001
__L__absolute__             __absolute__ 000000
__Labs1                     abs1         000000
__Lbank0                    bank0        000000
__Lbank1                    bank1        000000
__Lbank2                    bank2        000000
__Lbank3                    bank3        000000
__Lbank4                    bank4        000000
__Lbank5                    bank5        000000
__Lbank6                    bank6        000000
__Lbank7                    bank7        000000
__Lbigbss                   bigbss       000000
__Lbigdata                  bigdata      000000
__Lbigram                   bigram       000000
__Lbigsfr                   bigsfr       000000
__Lbss                      bss          000000
__LbssBANK0                 bssBANK0     000000
__LbssBANK1                 bssBANK1     000000
__LbssCOMRAM                bssCOMRAM    000000
__Lcinit                    cinit        000000
__Lclrtext                  clrtext      000000
__Lcomram                   comram       000000
__Lconfig                   config       000000
__Lconst                    const        000000
__LcstackCOMRAM             cstackCOMRAM 000000
__Ldata                     data         000000
__LdataCOMRAM               dataCOMRAM   000000
__Leeprom_data              eeprom_data  000000
__Lfarbss                   farbss       000000
__Lfardata                  fardata      000000
__Lheap                     heap         000000
__Libigdata                 ibigdata     000000
__Lidata                    idata        000000
__LidataCOMRAM              idataCOMRAM  000000
__Lidloc                    idloc        000000
__Lifardata                 ifardata     000000
__Linit                     init         000000
__Lintcode                  intcode      000000
__Lintcode_body             intcode_body 000000
__Lintcodelo                intcodelo    000000
__Lintentry                 intentry     000000
__Lintret                   intret       000000
__Lintsave_regs             intsave_regs 000000
__Lirdata                   irdata       000000
__Lmediumconst              mediumconst  007D2C
__LnvFARRAM                 nvFARRAM     000000
__Lnvbit                    nvbit        000000
__Lnvrram                   nvrram       000000
__Lparam                    rparam       000000
__Lpowerup                  powerup      000000
__Lram                      ram          000000
__Lramtop                   ramtop       000800
__Lrbit                     rbit         000000
__Lrbss                     rbss         000000
__Lrdata                    rdata        000000
__Lreset_vec                reset_vec    000000
__Lrparam                   rparam       000000
__Lsfr                      sfr          000000
__Lsivt_hi                  sivt_hi      000000
__Lsivt_lo                  sivt_lo      000000
__Lsmallconst               smallconst   000000
__Lspace_0                  (abs)        000000
__Lspace_1                  (abs)        000000
__Lspace_2                  (abs)        000000
__Lspace_4                  (abs)        000000
__Lstack                    stack        000000
__Lstruct                   struct       000000
__Ltemp                     temp         000000
__Ltext                     text         000000
__Ltext0                    text0        000000
__Ltext1                    text1        000000
__Ltext10                   text10       000000
__Ltext11                   text11       000000
__Ltext12                   text12       000000
__Ltext13                   text13       000000
__Ltext14                   text14       000000
__Ltext15                   text15       000000
__Ltext16                   text16       000000
__Ltext17                   text17       000000
__Ltext18                   text18       000000
__Ltext19                   text19       000000
__Ltext2                    text2        000000
__Ltext20                   text20       000000
__Ltext21                   text21       000000
__Ltext22                   text22       000000
__Ltext23                   text23       000000
__Ltext24                   text24       000000
__Ltext25                   text25       000000
__Ltext26                   text26       000000
__Ltext27                   text27       000000
__Ltext28                   text28       000000
__Ltext29                   text29       000000
__Ltext3                    text3        000000
__Ltext30                   text30       000000
__Ltext31                   text31       000000
__Ltext32                   text32       000000
__Ltext4                    text4        000000
__Ltext5                    text5        000000
__Ltext6                    text6        000000
__Ltext7                    text7        000000
__Ltext8                    text8        000000
__Ltext9                    text9        000000
__S0                        (abs)        008000
__S1                        (abs)        000150
__S4                        (abs)        000000
__S5                        (abs)        000000
___awdiv                    text31       006EA6
___awdiv@counter            cstackCOMRAM 000005
___awdiv@dividend           cstackCOMRAM 000001
___awdiv@divisor            cstackCOMRAM 000003
___awdiv@quotient           cstackCOMRAM 000007
___awdiv@sign               cstackCOMRAM 000006
___awmod                    text30       006DF6
___awmod@counter            cstackCOMRAM 000005
___awmod@dividend           cstackCOMRAM 000001
___awmod@divisor            cstackCOMRAM 000003
___awmod@sign               cstackCOMRAM 000006
___heap_hi                  (abs)        000000
___heap_lo                  (abs)        000000
___inthi_sp                 stack        000000
___inthi_stack_hi           stack        000000
___inthi_stack_lo           stack        000000
___intlo_sp                 stack        000000
___intlo_stack_hi           stack        000000
___intlo_stack_lo           stack        000000
___param_bank               (abs)        000000
___rparam_used              (abs)        000001
___sp                       stack        000000
___stack_hi                 stack        000000
___stack_lo                 stack        000000
__accesstop                 (abs)        000060
__activetblptr              (abs)        000002
__end_of_CL_CommandHandler  text4        0072AA
__end_of_CL_ErrorHandler    text11       0071CE
__end_of_Clock_Init         text32       0079E6
__end_of_UART_ErrorHandler  text19       006DF6
__end_of_UART_Init          text20       006AA4
__end_of_UART_Rx            text16       006956
__end_of_UART_RxAvailable   text15       006B16
__end_of_UART_Rx_FRAMING    text18       00699C
__end_of_UART_Rx_OVERFLOW   text17       0069D2
__end_of_UART_Tx            text28       00696C
__end_of_UART_config_show   text22       00766E
__end_of_UART_select_baud   text21       00751C
__end_of___awdiv            text31       006F6A
__end_of___awmod            text30       006EA6
__end_of__initialization    cinit        006BE4
__end_of_abs                text29       006AD8
__end_of_addToBuffer        text9        007032
__end_of_cantParams         mediumconst  007D30
__end_of_charStop           mediumconst  007D31
__end_of_clearArray         text14       006A42
__end_of_clearBuff          text13       006A16
__end_of_clearCharInLine    text10       0069B6
__end_of_cliHelp            text7        006B5A
__end_of_commandLineDeinit  text6        006982
__end_of_commandLineInit    text8        006C9C
__end_of_commandLineReset   text12       006A72
__end_of_commandProcess     text1        0077D0
__end_of_countWords         text3        006D6C
__end_of_fputc              text26       0070FC
__end_of_getWord            text2        0073DC
__end_of_main               text0        006C3E
__end_of_printf             text23       0069F0
__end_of_putch              text27       006942
__end_of_strcmp             text5        006D04
__end_of_vfpfcnvrt          text25       007D2C
__end_of_vfprintf           text24       006BA0
__initialization            cinit        006BA0
__mediumconst               mediumconst  007D2C
__pbssBANK0                 bssBANK0     000060
__pbssBANK1                 bssBANK1     000100
__pbssCOMRAM                bssCOMRAM    000038
__pcinit                    cinit        006BA0
__pcstackCOMRAM             cstackCOMRAM 000001
__pdataCOMRAM               dataCOMRAM   000050
__pidataCOMRAM              idataCOMRAM  006932
__pmediumconst              mediumconst  007D2C
__ptext0                    text0        006BEE
__ptext1                    text1        00766E
__ptext10                   text10       00699C
__ptext11                   text11       0070FC
__ptext12                   text12       006A42
__ptext13                   text13       0069F0
__ptext14                   text14       006A16
__ptext15                   text15       006AD8
__ptext16                   text16       006942
__ptext17                   text17       0069B6
__ptext18                   text18       006982
__ptext19                   text19       006D6C
__ptext2                    text2        0072AA
__ptext20                   text20       006A72
__ptext21                   text21       0073DC
__ptext22                   text22       00751C
__ptext23                   text23       0069D2
__ptext24                   text24       006B5A
__ptext25                   text25       0079E6
__ptext26                   text26       007032
__ptext27                   text27       006938
__ptext28                   text28       006956
__ptext29                   text29       006AA4
__ptext3                    text3        006D04
__ptext30                   text30       006DF6
__ptext31                   text31       006EA6
__ptext32                   text32       0077D0
__ptext4                    text4        0071CE
__ptext5                    text5        006C9C
__ptext6                    text6        00696C
__ptext7                    text7        006B16
__ptext8                    text8        006C3E
__ptext9                    text9        006F6A
__ramtop                    ramtop       000800
__smallconst                smallconst   000000
_abs                        text29       006AA4
_addToBuffer                text9        006F6A
_buffCount                  bssCOMRAM    00003F
_cantParams                 mediumconst  007D2D
_charBuff                   bssBANK0     000060
_clearArray                 text14       006A16
_clearBuff                  text13       0069F0
_clearCharInLine            text10       00699C
_cliHelp                    text7        006B16
_comandos                   dataCOMRAM   000050
_command                    bssCOMRAM    000040
_commandLineDeinit          text6        00696C
_commandLineEnable          bssCOMRAM    00003E
_commandLineInit            text8        006C3E
_commandLineReset           text12       006A42
_commandProcess             text1        00766E
_countWords                 text3        006D04
_dbuf                       bssBANK0     0000C4
_flagCommandReady           bssCOMRAM    00003D
_flags                      bssCOMRAM    00003C
_fputc                      text26       007032
_getWord                    text2        0072AA
_main                       text0        006BEE
_param                      bssBANK1     000100
_prec                       bssCOMRAM    00003A
_printf                     text23       0069D2
_putch                      text27       006938
_strcmp                     text5        006C9C
_vfpfcnvrt                  text25       0079E6
_vfprintf                   text24       006B5A
_width                      bssCOMRAM    000038
abs@a                       cstackCOMRAM 000007
addToBuffer@newchar         cstackCOMRAM 00002D
clearArray@array            cstackCOMRAM 000001
clearArray@i                cstackCOMRAM 000004
clearArray@len              cstackCOMRAM 000003
clearBuff@i                 cstackCOMRAM 000001
cliHelp@i                   cstackCOMRAM 00002A
commandProcess@i            cstackCOMRAM 000036
commandProcess@nWords       cstackCOMRAM 000035
commandProcess@status       cstackCOMRAM 000037
countWords@currChar         cstackCOMRAM 000003
countWords@i                cstackCOMRAM 000002
countWords@numWords         cstackCOMRAM 000001
end_of_initialization       cinit        006BE4
fputc@c                     cstackCOMRAM 000003
fputc@fp                    cstackCOMRAM 000005
getWord@active              cstackCOMRAM 000017
getWord@buffId              cstackCOMRAM 00001A
getWord@delimitCount        cstackCOMRAM 000014
getWord@i                   cstackCOMRAM 000018
getWord@pWord               cstackCOMRAM 000001
getWord@tmpWord             cstackCOMRAM 000004
getWord@wordId              cstackCOMRAM 000016
getWord@wordNum             cstackCOMRAM 000015
intlevel0                   text         000000
intlevel1                   text         000000
intlevel2                   text         000000
intlevel3                   text         000000
isa$std                     (abs)        000001
isa$xinst                   (abs)        000000
printf@ap                   cstackCOMRAM 000029
printf@fmt                  cstackCOMRAM 000023
putch@data                  cstackCOMRAM 000002
stackhi                     (abs)        000000
stacklo                     (abs)        000000
start                       init         000000
start_initialization        cinit        006BA0
strcmp@l                    cstackCOMRAM 000001
strcmp@r                    cstackCOMRAM 000002
vfpfcnvrt@ap                cstackCOMRAM 00000F
vfpfcnvrt@c                 cstackCOMRAM 00001B
vfpfcnvrt@convarg           cstackCOMRAM 000017
vfpfcnvrt@cp                cstackCOMRAM 000014
vfpfcnvrt@cp_1156           cstackCOMRAM 000012
vfpfcnvrt@done              cstackCOMRAM 000016
vfpfcnvrt@fmt               cstackCOMRAM 00000E
vfpfcnvrt@fp                cstackCOMRAM 00000C
vfprintf@ap                 cstackCOMRAM 000020
vfprintf@cfmt               cstackCOMRAM 000021
vfprintf@fmt                cstackCOMRAM 00001E
vfprintf@fp                 cstackCOMRAM 00001C


MODULE INFORMATION

Module		Function		Class		Link	Load	Size
C:\Program Files\Microchip\xc8\v2.46\pic\sources\c99\common\printf.c
		_printf        		CODE           	69D2	0000	30

C:\Program Files\Microchip\xc8\v2.46\pic\sources\c99\common\printf.c estimated size: 30

C:\Program Files\Microchip\xc8\v2.46\pic\sources\c99\common\nf_fputc.c
		_fputc         		CODE           	7032	0000	202

C:\Program Files\Microchip\xc8\v2.46\pic\sources\c99\common\nf_fputc.c estimated size: 202

C:\Program Files\Microchip\xc8\v2.46\pic\sources\c99\common\awdiv.c
		___awdiv       		CODE           	6EA6	0000	196

C:\Program Files\Microchip\xc8\v2.46\pic\sources\c99\common\awdiv.c estimated size: 196

C:\Program Files\Microchip\xc8\v2.46\pic\sources\c99\common\strcmp.c
		_strcmp        		CODE           	6C9C	0000	104

C:\Program Files\Microchip\xc8\v2.46\pic\sources\c99\common\strcmp.c estimated size: 104

src/librerias/clock.c
		_Clock_Init    		CODE           	77D0	0000	534

src/librerias/clock.c estimated size: 534

src/main.c
		_main          		CODE           	6BEE	0000	80

src/main.c estimated size: 80

C:\Program Files\Microchip\xc8\v2.46\pic\sources\c99\common\doprnt.c
		_vfpfcnvrt     		CODE           	79E6	0000	838
		_vfprintf      		CODE           	6B5A	0000	70

C:\Program Files\Microchip\xc8\v2.46\pic\sources\c99\common\doprnt.c estimated size: 908

shared
		_cantParams    		MEDIUMCONST    	7D2D	0000	3
		__initialization		CODE           	6BA0	0000	68
		_charStop      		MEDIUMCONST    	0000	0000	0

shared estimated size: 71

src/CLHandler.c
		_CL_CommandHandler		CODE           	71CE	0000	220
		_cliHelp       		CODE           	6B16	0000	68

src/CLHandler.c estimated size: 288

C:\Program Files\Microchip\xc8\v2.46\pic\sources\c99\common\abs.c
		_abs           		CODE           	6AA4	0000	52

C:\Program Files\Microchip\xc8\v2.46\pic\sources\c99\common\abs.c estimated size: 52

src/librerias/commandLine.c
		_commandLineReset		CODE           	6A42	0000	48
		_addToBuffer   		CODE           	6F6A	0000	200
		_commandProcess		CODE           	766E	0000	354
		_CL_ErrorHandler		CODE           	70FC	0000	210
		_countWords    		CODE           	6D04	0000	104
		_commandLineDeinit		CODE           	696C	0000	22
		_commandLineInit		CODE           	6C3E	0000	94
		_clearArray    		CODE           	6A16	0000	44
		_clearCharInLine		CODE           	699C	0000	26
		_getWord       		CODE           	72AA	0000	306
		_clearBuff     		CODE           	69F0	0000	38

src/librerias/commandLine.c estimated size: 1446

C:\Program Files\Microchip\xc8\v2.46\pic\sources\c99\common\awmod.c
		___awmod       		CODE           	6DF6	0000	176

C:\Program Files\Microchip\xc8\v2.46\pic\sources\c99\common\awmod.c estimated size: 176

src/librerias/UART.c
		_UART_config_show		CODE           	751C	0000	338
		_UART_Rx_OVERFLOW		CODE           	69B6	0000	28
		_putch         		CODE           	6938	0000	10
		_UART_Rx       		CODE           	6942	0000	20
		_UART_Init     		CODE           	6A72	0000	50
		_UART_RxAvailable		CODE           	6AD8	0000	62
		_UART_Rx_FRAMING		CODE           	6982	0000	26
		_UART_select_baud		CODE           	73DC	0000	320
		_UART_Tx       		CODE           	6956	0000	22
		_UART_ErrorHandler		CODE           	6D6C	0000	138

src/librerias/UART.c estimated size: 1014

