Microchip MPLAB XC8 Compiler V2.46

Linker command line:

-W-3 \
  --edf=C:\Program Files\Microchip\xc8\v2.46\pic\dat\20240104201356_en.msgs \
  -cn \
  -h+dist/default/production\multiherramienta_proyecto_universidad.X.production.sym \
  --cmf=dist/default/production\multiherramienta_proyecto_universidad.X.production.cmf \
  -z -Q18F45K50 -oC:\Users\admin\AppData\Local\Temp\xcAs5v0.\driver_tmp_3.o \
  --defsym=__MPLAB_BUILD=1 --fixupoverflow=error \
  -Mdist/default/production/multiherramienta_proyecto_universidad.X.production.map \
  --md=C:\Users\admin\AppData\Local\Temp\xcAs5v0.\driver_tmp_0.dat -E1 \
  -ver=XC8 Compiler --acfsm=1493 -ACODE=00h-07FFFh -ACONST=00h-07FFFh \
  -ASMALLCONST=0800h-08FFhx120 -AMEDIUMCONST=0800h-07FFFh -ACOMRAM=01h-05Fh \
  -AABS1=00h-07FFh -ABIGRAM=01h-07FFh -ARAM=060h-0FFh,0100h-01FFhx7 \
  -ABANK0=060h-0FFh -ABANK1=0100h-01FFh -ABANK2=0200h-02FFh \
  -ABANK3=0300h-03FFh -ABANK4=0400h-04FFh -ABANK5=0500h-05FFh \
  -ABANK6=0600h-06FFh -ABANK7=0700h-07FFh -ASFR=0F53h-0F5Fh,0F60h-0FFFh \
  -ABIGSFR=0F53h-0FFFh -ACONFIG=0300000h-030000Dh -AIDLOC=0200000h-0200007h \
  -AEEDATA=0F00000h-0F000FFh -peeprom_data=EEDATA \
  -preset_vec=00h,intcode,sivt_hi,intcodelo,sivt_lo,powerup,init \
  -pramtop=0800h -psmallconst=SMALLCONST -pmediumconst=MEDIUMCONST \
  -pconst=CONST -AFARRAM=00h-00h \
  -prdata=COMRAM,nvrram=COMRAM,nvbit=COMRAM,rbss=COMRAM,rbit=COMRAM \
  -pfarbss=FARRAM,fardata=FARRAM,nvFARRAM=FARRAM \
  -pintsave_regs=BIGRAM,bigbss=BIGRAM,bigdata=BIGRAM -pbss=RAM \
  -pidata=CODE,irdata=CODE,ibigdata=CODE,ifardata=CODE -prparam=COMRAM \
  C:\Users\admin\AppData\Local\Temp\xcAs5v0.\driver_tmp_14.o \
  dist/default/production\multiherramienta_proyecto_universidad.X.production.o 

Object code version is 3.11

Machine type is 18F45K50



                Name                               Link     Load   Length Selector   Space Scale
C:\Users\admin\AppData\Local\Temp\xcAs5v0.\driver_tmp_14.o
                config                           300000   300000        E        0       4
                init                                  0        0        4        0       0
dist/default/production\multiherramienta_proyecto_universidad.X.production.o
                config                           300000   300000        E        0       4
                mediumconst                        7DDA     7DDA      226     3EED       0
                text19                             7928     7928      216     3C94       0
                text18                             6EA4     6EA4       1A     3752       0
                text17                             73AC     73AC      10C     39D6       0
                text16                             72C0     72C0       EC     3960       0
                text15                             6F26     6F26       34     3793       0
                text14                             6E8E     6E8E       16     3747       0
                text13                             6E84     6E84        A     3742       0
                text12                             71F6     71F6       CA     38FB       0
                text11                             7B3E     7B3E      29C     3D9F       0
                text10                             6F90     6F90       46     37C8       0
                text9                              6EBE     6EBE       1E     375F       0
                text8                              7038     7038       7A     381C       0
                text7                              70B2     70B2       84     3859       0
                text6                              6FD6     6FD6       62     37EB       0
                text5                              773E     773E      1EA     3B9F       0
                text4                              6F5A     6F5A       36     37AD       0
                text3                              75F8     75F8      146     3AFC       0
                text2                              74B8     74B8      140     3A5C       0
                text1                              6EFC     6EFC       2A     377E       0
                text0                              7136     7136       C0     389B       0
                cstackCOMRAM                          1        1       3D        1       1
                bssBANK0                             60       60       20       60       1
                bssCOMRAM                            3E       3E        5        1       1
                cinit                              6EDC     6EDC       20     376E       0

TOTAL           Name                               Link     Load   Length     Space
        CLASS   CODE           
                init                                  0        0        4         0
                text19                             7928     7928      216         0
                text18                             6EA4     6EA4       1A         0
                text17                             73AC     73AC      10C         0
                text16                             72C0     72C0       EC         0
                text15                             6F26     6F26       34         0
                text14                             6E8E     6E8E       16         0
                text13                             6E84     6E84        A         0
                text12                             71F6     71F6       CA         0
                text11                             7B3E     7B3E      29C         0
                text10                             6F90     6F90       46         0
                text9                              6EBE     6EBE       1E         0
                text8                              7038     7038       7A         0
                text7                              70B2     70B2       84         0
                text6                              6FD6     6FD6       62         0
                text5                              773E     773E      1EA         0
                text4                              6F5A     6F5A       36         0
                text3                              75F8     75F8      146         0
                text2                              74B8     74B8      140         0
                text1                              6EFC     6EFC       2A         0
                text0                              7136     7136       C0         0
                cinit                              6EDC     6EDC       20         0

        CLASS   CONST          

        CLASS   SMALLCONST     

        CLASS   MEDIUMCONST    
                mediumconst                        7DDA     7DDA      226         0

        CLASS   COMRAM         
                cstackCOMRAM                          1        1       3D         1
                bssCOMRAM                            3E       3E        5         1

        CLASS   ABS1           

        CLASS   BIGRAM         

        CLASS   RAM            

        CLASS   BANK0          
                bssBANK0                             60       60       20         1

        CLASS   BANK1          

        CLASS   BANK2          

        CLASS   BANK3          

        CLASS   BANK4          

        CLASS   BANK5          

        CLASS   BANK6          

        CLASS   BANK7          

        CLASS   SFR            

        CLASS   BIGSFR         

        CLASS   CONFIG         
                config                           300000   300000        E         4

        CLASS   IDLOC          

        CLASS   EEDATA         

        CLASS   FARRAM         

        CLASS   HEAP           

        CLASS   STACK          



SEGMENTS        Name                           Load    Length   Top    Selector   Space  Class

                reset_vec                      000000  000004  000004         0       0  CODE    
                cstackCOMRAM                   000001  000042  000043         1       1  COMRAM  
                bssBANK0                       000060  000020  000080        60       1  BANK0   
                text13                         006E84  00000A  006E8E      3742       0  CODE    
                text14                         006E8E  000016  006EA4      3747       0  CODE    
                text18                         006EA4  00001A  006EBE      3752       0  CODE    
                text9                          006EBE  00001E  006EDC      375F       0  CODE    
                cinit                          006EDC  000020  006EFC      376E       0  CODE    
                text1                          006EFC  00002A  006F26      377E       0  CODE    
                text15                         006F26  000034  006F5A      3793       0  CODE    
                text4                          006F5A  000036  006F90      37AD       0  CODE    
                text10                         006F90  000046  006FD6      37C8       0  CODE    
                text6                          006FD6  000062  007038      37EB       0  CODE    
                text8                          007038  00007A  0070B2      381C       0  CODE    
                text7                          0070B2  000084  007136      3859       0  CODE    
                text0                          007136  0000C0  0071F6      389B       0  CODE    
                text12                         0071F6  0000CA  0072C0      38FB       0  CODE    
                text16                         0072C0  0000EC  0073AC      3960       0  CODE    
                text17                         0073AC  00010C  0074B8      39D6       0  CODE    
                text2                          0074B8  000140  0075F8      3A5C       0  CODE    
                text3                          0075F8  000146  00773E      3AFC       0  CODE    
                text5                          00773E  0001EA  007928      3B9F       0  CODE    
                text19                         007928  000216  007B3E      3C94       0  CODE    
                text11                         007B3E  00029C  007DDA      3D9F       0  CODE    
                mediumconst                    007DDA  000226  008000      3EED       0  MEDIUMCO


UNUSED ADDRESS RANGES

        Name                Unused          Largest block    Delta
        BANK0            000080-0000FF               80
        BANK1            000100-0001FF              100
        BANK2            000200-0002FF              100
        BANK3            000300-0003FF              100
        BANK4            000400-0004FF              100
        BANK5            000500-0005FF              100
        BANK6            000600-0006FF              100
        BANK7            000700-0007FF              100
        BIGRAM           000043-00005F               1D
                         000080-0007FF              780
        BIGSFR           000F53-000FFF               AD
        CODE             000004-006E83             6E80
        COMRAM           000043-00005F               1D
        CONST            000004-006E83             6E80
        EEDATA           F00000-F000FF              100
        IDLOC            200000-200007                8
        MEDIUMCONST      000800-006E83             6684
        RAM              000080-0007FF              100
        SFR              000F53-000FFF                D
        SMALLCONST       000800-006E83              100

                                  Symbol Table

?_SPI_actual_frec          cstackCOMRAM 00000F
?___aldiv                  cstackCOMRAM 000001
?___almod                  cstackCOMRAM 000001
?_abs                      cstackCOMRAM 00000B
?_printf                   cstackCOMRAM 000024
?_vfprintf                 cstackCOMRAM 00001D
Clock_Init@bItTimeEn       cstackCOMRAM 000007
Clock_Init@bStatus         cstackCOMRAM 000003
Clock_Init@bStatus_605     cstackCOMRAM 000004
Clock_Init@bStatus_606     cstackCOMRAM 000005
Clock_Init@bStatus_609     cstackCOMRAM 000006
Clock_Init@returnCode      cstackCOMRAM 000008
Clock_Init@s16Timeout      cstackCOMRAM 000001
SPI1_ByteExchange@byteData cstackCOMRAM 000001
SPI_BaudRateGen@FClock     cstackCOMRAM 00002E
SPI_BaudRateGen@baudReg    cstackCOMRAM 000036
SPI_ErrorHandler@errorCode cstackCOMRAM 00002D
SPI_actual_frec@baud       cstackCOMRAM 000015
UART_Init@baudrate         cstackCOMRAM 00002B
UART_Tx@dato               cstackCOMRAM 000001
UART_select_baud@baudrate  cstackCOMRAM 000001
_BAUDCON1bits              (abs)        000FB8
_BF                        (abs)        007E38
_BOEN                      (abs)        007E5C
_BRG161                    (abs)        007DC3
_BRGH1                     (abs)        007D62
_CREN                      (abs)        007D5C
_Clock_Init                text19       007928
_LATAbits                  (abs)        000F89
_OSCCON2bits               (abs)        000FD2
_OSCCONbits                (abs)        000FD3
_OSCTUNEbits               (abs)        000F9B
_PIR1bits                  (abs)        000F9E
_RC1IF                     (abs)        007CF5
_RCREG                     (abs)        000FAE
_RCREG1                    (abs)        000FAE
_RCSTAbits                 (abs)        000FAB
_SPBRG                     (abs)        000FAF
_SPBRGH                    (abs)        000FB0
_SPEN                      (abs)        007D5F
_SPI1_ByteExchange         text18       006EA4
_SPI_BaudRateGen           text7        0070B2
_SPI_ErrorHandler          text8        007038
_SPI_actual_frec           text6        006FD6
_SPI_config_show           text5        00773E
_SPI_master_init           text4        006F5A
_SSP1ADD                   (abs)        000FC8
_SSP1BUF                   (abs)        000FC9
_SSPBUF                    (abs)        000FC9
_SSPCON1bits               (abs)        000FC6
_SSPEN                     (abs)        007E35
_SSPIF                     (abs)        007CF3
_SSPSTATbits               (abs)        000FC7
_SYNC1                     (abs)        007D64
_TRISA1                    (abs)        007C91
_TRISAbits                 (abs)        000F92
_TRISBbits                 (abs)        000F93
_TRISC6                    (abs)        007CA6
_TRISC7                    (abs)        007CA7
_TRMT                      (abs)        007D61
_TXEN1                     (abs)        007D65
_TXREG1                    (abs)        000FAD
_TXSTA1bits                (abs)        000FAC
_TXSTAbits                 (abs)        000FAC
_UART_Init                 text1        006EFC
_UART_Tx                   text14       006E8E
_UART_config_show          text3        0075F8
_UART_select_baud          text2        0074B8
_WCOL                      (abs)        007E37
__HRAM                     (abs)        000000
__H__absolute__            __absolute__ 000000
__Habs1                    abs1         000000
__Hbank0                   bank0        000000
__Hbank1                   bank1        000000
__Hbank2                   bank2        000000
__Hbank3                   bank3        000000
__Hbank4                   bank4        000000
__Hbank5                   bank5        000000
__Hbank6                   bank6        000000
__Hbank7                   bank7        000000
__Hbigbss                  bigbss       000000
__Hbigdata                 bigdata      000000
__Hbigram                  bigram       000000
__Hbigsfr                  bigsfr       000000
__Hbss                     bss          000000
__HbssBANK0                bssBANK0     000000
__HbssCOMRAM               bssCOMRAM    000000
__Hcinit                   cinit        000000
__Hclrtext                 clrtext      000000
__Hcomram                  comram       000000
__Hconfig                  config       30000E
__Hconst                   const        000000
__HcstackCOMRAM            cstackCOMRAM 000000
__Hdata                    data         000000
__Heeprom_data             eeprom_data  000000
__Hfarbss                  farbss       000000
__Hfardata                 fardata      000000
__Hheap                    heap         000000
__Hibigdata                ibigdata     000000
__Hidata                   idata        000000
__Hidloc                   idloc        000000
__Hifardata                ifardata     000000
__Hinit                    init         000004
__Hintcode                 intcode      000000
__Hintcode_body            intcode_body 000000
__Hintcodelo               intcodelo    000000
__Hintentry                intentry     000000
__Hintret                  intret       000000
__Hintsave_regs            intsave_regs 000000
__Hirdata                  irdata       000000
__Hmediumconst             mediumconst  008000
__HnvFARRAM                nvFARRAM     000000
__Hnvbit                   nvbit        000000
__Hnvrram                  nvrram       000000
__Hparam                   rparam       000000
__Hpowerup                 powerup      000000
__Hram                     ram          000000
__Hramtop                  ramtop       000800
__Hrbit                    rbit         000000
__Hrbss                    rbss         000000
__Hrdata                   rdata        000000
__Hreset_vec               reset_vec    000000
__Hrparam                  rparam       000000
__Hsfr                     sfr          000000
__Hsivt_hi                 sivt_hi      000000
__Hsivt_lo                 sivt_lo      000000
__Hsmallconst              smallconst   000000
__Hspace_0                 (abs)        008000
__Hspace_1                 (abs)        000080
__Hspace_2                 (abs)        000000
__Hspace_4                 (abs)        60000E
__Hstack                   stack        000000
__Hstruct                  struct       000000
__Htemp                    temp         000000
__Htext                    text         000000
__Htext0                   text0        000000
__Htext1                   text1        000000
__Htext10                  text10       000000
__Htext11                  text11       000000
__Htext12                  text12       000000
__Htext13                  text13       000000
__Htext14                  text14       000000
__Htext15                  text15       000000
__Htext16                  text16       000000
__Htext17                  text17       000000
__Htext18                  text18       000000
__Htext19                  text19       000000
__Htext2                   text2        000000
__Htext3                   text3        000000
__Htext4                   text4        000000
__Htext5                   text5        000000
__Htext6                   text6        000000
__Htext7                   text7        000000
__Htext8                   text8        000000
__Htext9                   text9        000000
__LRAM                     (abs)        000001
__L__absolute__            __absolute__ 000000
__Labs1                    abs1         000000
__Lbank0                   bank0        000000
__Lbank1                   bank1        000000
__Lbank2                   bank2        000000
__Lbank3                   bank3        000000
__Lbank4                   bank4        000000
__Lbank5                   bank5        000000
__Lbank6                   bank6        000000
__Lbank7                   bank7        000000
__Lbigbss                  bigbss       000000
__Lbigdata                 bigdata      000000
__Lbigram                  bigram       000000
__Lbigsfr                  bigsfr       000000
__Lbss                     bss          000000
__LbssBANK0                bssBANK0     000000
__LbssCOMRAM               bssCOMRAM    000000
__Lcinit                   cinit        000000
__Lclrtext                 clrtext      000000
__Lcomram                  comram       000000
__Lconfig                  config       000000
__Lconst                   const        000000
__LcstackCOMRAM            cstackCOMRAM 000000
__Ldata                    data         000000
__Leeprom_data             eeprom_data  000000
__Lfarbss                  farbss       000000
__Lfardata                 fardata      000000
__Lheap                    heap         000000
__Libigdata                ibigdata     000000
__Lidata                   idata        000000
__Lidloc                   idloc        000000
__Lifardata                ifardata     000000
__Linit                    init         000000
__Lintcode                 intcode      000000
__Lintcode_body            intcode_body 000000
__Lintcodelo               intcodelo    000000
__Lintentry                intentry     000000
__Lintret                  intret       000000
__Lintsave_regs            intsave_regs 000000
__Lirdata                  irdata       000000
__Lmediumconst             mediumconst  007DDA
__LnvFARRAM                nvFARRAM     000000
__Lnvbit                   nvbit        000000
__Lnvrram                  nvrram       000000
__Lparam                   rparam       000000
__Lpowerup                 powerup      000000
__Lram                     ram          000000
__Lramtop                  ramtop       000800
__Lrbit                    rbit         000000
__Lrbss                    rbss         000000
__Lrdata                   rdata        000000
__Lreset_vec               reset_vec    000000
__Lrparam                  rparam       000000
__Lsfr                     sfr          000000
__Lsivt_hi                 sivt_hi      000000
__Lsivt_lo                 sivt_lo      000000
__Lsmallconst              smallconst   000000
__Lspace_0                 (abs)        000000
__Lspace_1                 (abs)        000000
__Lspace_2                 (abs)        000000
__Lspace_4                 (abs)        000000
__Lstack                   stack        000000
__Lstruct                  struct       000000
__Ltemp                    temp         000000
__Ltext                    text         000000
__Ltext0                   text0        000000
__Ltext1                   text1        000000
__Ltext10                  text10       000000
__Ltext11                  text11       000000
__Ltext12                  text12       000000
__Ltext13                  text13       000000
__Ltext14                  text14       000000
__Ltext15                  text15       000000
__Ltext16                  text16       000000
__Ltext17                  text17       000000
__Ltext18                  text18       000000
__Ltext19                  text19       000000
__Ltext2                   text2        000000
__Ltext3                   text3        000000
__Ltext4                   text4        000000
__Ltext5                   text5        000000
__Ltext6                   text6        000000
__Ltext7                   text7        000000
__Ltext8                   text8        000000
__Ltext9                   text9        000000
__S0                       (abs)        008000
__S1                       (abs)        000080
__S4                       (abs)        000000
__S5                       (abs)        000000
___aldiv                   text17       0073AC
___aldiv@counter           cstackCOMRAM 000009
___aldiv@dividend          cstackCOMRAM 000001
___aldiv@divisor           cstackCOMRAM 000005
___aldiv@quotient          cstackCOMRAM 00000B
___aldiv@sign              cstackCOMRAM 00000A
___almod                   text16       0072C0
___almod@counter           cstackCOMRAM 000009
___almod@dividend          cstackCOMRAM 000001
___almod@divisor           cstackCOMRAM 000005
___almod@sign              cstackCOMRAM 00000A
___heap_hi                 (abs)        000000
___heap_lo                 (abs)        000000
___inthi_sp                stack        000000
___inthi_stack_hi          stack        000000
___inthi_stack_lo          stack        000000
___intlo_sp                stack        000000
___intlo_stack_hi          stack        000000
___intlo_stack_lo          stack        000000
___param_bank              (abs)        000000
___rparam_used             (abs)        000001
___sp                      stack        000000
___stack_hi                stack        000000
___stack_lo                stack        000000
__accesstop                (abs)        000060
__activetblptr             (abs)        000002
__end_of_Clock_Init        text19       007B3E
__end_of_SPI1_ByteExchange text18       006EBE
__end_of_SPI_BaudRateGen   text7        007136
__end_of_SPI_ErrorHandler  text8        0070B2
__end_of_SPI_actual_frec   text6        007038
__end_of_SPI_config_show   text5        007928
__end_of_SPI_master_init   text4        006F90
__end_of_UART_Init         text1        006F26
__end_of_UART_Tx           text14       006EA4
__end_of_UART_config_show  text3        00773E
__end_of_UART_select_baud  text2        0075F8
__end_of___aldiv           text17       0074B8
__end_of___almod           text16       0073AC
__end_of__initialization   cinit        006EF2
__end_of_abs               text15       006F5A
__end_of_fputc             text12       0072C0
__end_of_main              text0        0071F6
__end_of_printf            text9        006EDC
__end_of_putch             text13       006E8E
__end_of_vfpfcnvrt         text11       007DDA
__end_of_vfprintf          text10       006FD6
__initialization           cinit        006EDC
__mediumconst              mediumconst  007DDA
__pbssBANK0                bssBANK0     000060
__pbssCOMRAM               bssCOMRAM    00003E
__pcinit                   cinit        006EDC
__pcstackCOMRAM            cstackCOMRAM 000001
__pmediumconst             mediumconst  007DDA
__ptext0                   text0        007136
__ptext1                   text1        006EFC
__ptext10                  text10       006F90
__ptext11                  text11       007B3E
__ptext12                  text12       0071F6
__ptext13                  text13       006E84
__ptext14                  text14       006E8E
__ptext15                  text15       006F26
__ptext16                  text16       0072C0
__ptext17                  text17       0073AC
__ptext18                  text18       006EA4
__ptext19                  text19       007928
__ptext2                   text2        0074B8
__ptext3                   text3        0075F8
__ptext4                   text4        006F5A
__ptext5                   text5        00773E
__ptext6                   text6        006FD6
__ptext7                   text7        0070B2
__ptext8                   text8        007038
__ptext9                   text9        006EBE
__ramtop                   ramtop       000800
__smallconst               smallconst   000000
_abs                       text15       006F26
_dbuf                      bssBANK0     000060
_flags                     bssCOMRAM    000042
_fputc                     text12       0071F6
_main                      text0        007136
_prec                      bssCOMRAM    000040
_printf                    text9        006EBE
_putch                     text13       006E84
_vfpfcnvrt                 text11       007B3E
_vfprintf                  text10       006F90
_width                     bssCOMRAM    00003E
abs@a                      cstackCOMRAM 00000B
end_of_initialization      cinit        006EF2
fputc@c                    cstackCOMRAM 000003
fputc@fp                   cstackCOMRAM 000005
intlevel0                  text         000000
intlevel1                  text         000000
intlevel2                  text         000000
intlevel3                  text         000000
isa$std                    (abs)        000001
isa$xinst                  (abs)        000000
main@c1                    cstackCOMRAM 00003C
main@c2                    cstackCOMRAM 00003D
printf@ap                  cstackCOMRAM 00002A
printf@fmt                 cstackCOMRAM 000024
putch@data                 cstackCOMRAM 000002
stackhi                    (abs)        000000
stacklo                    (abs)        000000
start                      init         000000
start_initialization       cinit        006EDC
vfpfcnvrt@ap               cstackCOMRAM 000012
vfpfcnvrt@c                cstackCOMRAM 00001C
vfpfcnvrt@convarg          cstackCOMRAM 000018
vfpfcnvrt@cp               cstackCOMRAM 000016
vfpfcnvrt@done             cstackCOMRAM 000015
vfpfcnvrt@fmt              cstackCOMRAM 000011
vfpfcnvrt@fp               cstackCOMRAM 00000F
vfprintf@ap                cstackCOMRAM 000021
vfprintf@cfmt              cstackCOMRAM 000022
vfprintf@fmt               cstackCOMRAM 00001F
vfprintf@fp                cstackCOMRAM 00001D


MODULE INFORMATION

Module		Function		Class		Link	Load	Size
C:\Program Files\Microchip\xc8\v2.46\pic\sources\c99\common\printf.c
		_printf        		CODE           	6EBE	0000	30

C:\Program Files\Microchip\xc8\v2.46\pic\sources\c99\common\printf.c estimated size: 30

C:\Program Files\Microchip\xc8\v2.46\pic\sources\c99\common\nf_fputc.c
		_fputc         		CODE           	71F6	0000	202

C:\Program Files\Microchip\xc8\v2.46\pic\sources\c99\common\nf_fputc.c estimated size: 202

librerias/variables.c
		_SPI_ErrorHandler		CODE           	7038	0000	122

librerias/variables.c estimated size: 122

librerias/SPI.c
		_SPI_actual_frec		CODE           	6FD6	0000	98
		_SPI_config_show		CODE           	773E	0000	490
		_SPI1_ByteExchange		CODE           	6EA4	0000	26
		_SPI_BaudRateGen		CODE           	70B2	0000	132
		_SPI_master_init		CODE           	6F5A	0000	54

librerias/SPI.c estimated size: 800

C:\Program Files\Microchip\xc8\v2.46\pic\sources\c99\common\aldiv.c
		___aldiv       		CODE           	73AC	0000	268

C:\Program Files\Microchip\xc8\v2.46\pic\sources\c99\common\aldiv.c estimated size: 268

C:\Program Files\Microchip\xc8\v2.46\pic\sources\c99\common\doprnt.c
		_vfpfcnvrt     		CODE           	7B3E	0000	668
		_vfprintf      		CODE           	6F90	0000	70

C:\Program Files\Microchip\xc8\v2.46\pic\sources\c99\common\doprnt.c estimated size: 738

shared
		__initialization		CODE           	6EDC	0000	22

shared estimated size: 22

librerias/clock.c
		_Clock_Init    		CODE           	7928	0000	534

librerias/clock.c estimated size: 534

librerias/UART.c
		_UART_config_show		CODE           	75F8	0000	326
		_putch         		CODE           	6E84	0000	10
		_UART_Init     		CODE           	6EFC	0000	42
		_UART_select_baud		CODE           	74B8	0000	320
		_UART_Tx       		CODE           	6E8E	0000	22

librerias/UART.c estimated size: 720

C:\Program Files\Microchip\xc8\v2.46\pic\sources\c99\common\abs.c
		_abs           		CODE           	6F26	0000	52

C:\Program Files\Microchip\xc8\v2.46\pic\sources\c99\common\abs.c estimated size: 52

main.c
		_main          		CODE           	7136	0000	192

main.c estimated size: 192

C:\Program Files\Microchip\xc8\v2.46\pic\sources\c99\common\almod.c
		___almod       		CODE           	72C0	0000	236

C:\Program Files\Microchip\xc8\v2.46\pic\sources\c99\common\almod.c estimated size: 236

