Microchip MPLAB XC8 Compiler V2.46

Linker command line:

-W-3 \
  --edf=C:\Program Files\Microchip\xc8\v2.46\pic\dat\20240104201356_en.msgs \
  -cn \
  -h+dist/default/production\multiherramienta_proyecto_universidad.X.production.sym \
  --cmf=dist/default/production\multiherramienta_proyecto_universidad.X.production.cmf \
  -z -Q18F45K50 -oC:\Users\admin\AppData\Local\Temp\xcAsi7c.\driver_tmp_3.o \
  --defsym=__MPLAB_BUILD=1 --fixupoverflow=error \
  -Mdist/default/production/multiherramienta_proyecto_universidad.X.production.map \
  --md=C:\Users\admin\AppData\Local\Temp\xcAsi7c.\driver_tmp_0.dat -E1 \
  -ver=XC8 Compiler --acfsm=1493 -ACODE=00h-07FFFh -ACONST=00h-07FFFh \
  -ASMALLCONST=0800h-08FFhx120 -AMEDIUMCONST=0800h-07FFFh -ACOMRAM=01h-05Fh \
  -AABS1=00h-07FFh -ABIGRAM=01h-07FFh -ARAM=060h-0FFh,0100h-01FFhx7 \
  -ABANK0=060h-0FFh -ABANK1=0100h-01FFh -ABANK2=0200h-02FFh \
  -ABANK3=0300h-03FFh -ABANK4=0400h-04FFh -ABANK5=0500h-05FFh \
  -ABANK6=0600h-06FFh -ABANK7=0700h-07FFh -ASFR=0F53h-0F5Fh,0F60h-0FFFh \
  -ABIGSFR=0F53h-0FFFh -ACONFIG=0300000h-030000Dh -AIDLOC=0200000h-0200007h \
  -AEEDATA=0F00000h-0F000FFh -peeprom_data=EEDATA \
  -preset_vec=00h,intcode,sivt_hi,intcodelo,sivt_lo,powerup,init \
  -pramtop=0800h -psmallconst=SMALLCONST -pmediumconst=MEDIUMCONST \
  -pconst=CONST -AFARRAM=00h-00h \
  -prdata=COMRAM,nvrram=COMRAM,nvbit=COMRAM,rbss=COMRAM,rbit=COMRAM \
  -pfarbss=FARRAM,fardata=FARRAM,nvFARRAM=FARRAM \
  -pintsave_regs=BIGRAM,bigbss=BIGRAM,bigdata=BIGRAM -pbss=RAM \
  -pidata=CODE,irdata=CODE,ibigdata=CODE,ifardata=CODE -prparam=COMRAM \
  C:\Users\admin\AppData\Local\Temp\xcAsi7c.\driver_tmp_14.o \
  dist/default/production\multiherramienta_proyecto_universidad.X.production.o 

Object code version is 3.11

Machine type is 18F45K50



                Name                               Link     Load   Length Selector   Space Scale
C:\Users\admin\AppData\Local\Temp\xcAsi7c.\driver_tmp_14.o
                config                           300000   300000        E        0       4
                init                                  0        0        4        0       0
dist/default/production\multiherramienta_proyecto_universidad.X.production.o
                config                           300000   300000        E        0       4
                smallconst                          800      800      100      400       0
                text15                              900      900      216      480       0
                text14                             1066     1066       16      480       0
                text13                             1090     1090        A      480       0
                text12                              D54      D54       CA      480       0
                text11                              E98      E98       6E      480       0
                text10                              F4E      F4E       42      480       0
                text9                              1036     1036       1A      480       0
                text8                               C56      C56       FE      480       0
                text7                               B16      B16      140      480       0
                text6                               FCE      FCE       32      480       0
                text5                               E1E      E1E       7A      480       0
                text4                              101C     101C       1A      480       0
                text3                              1000     1000       1C      480       0
                text2                              107C     107C       14      480       0
                text1                               F90      F90       3E      480       0
                text0                               F06      F06       48      480       0
                cstackCOMRAM                         26       26       1B        1       1
                bssCOMRAM                             1        1       25        1       1
                cinit                              1050     1050       16      480       0

TOTAL           Name                               Link     Load   Length     Space
        CLASS   CODE           
                init                                  0        0        4         0
                text15                              900      900      216         0
                text14                             1066     1066       16         0
                text13                             1090     1090        A         0
                text12                              D54      D54       CA         0
                text11                              E98      E98       6E         0
                text10                              F4E      F4E       42         0
                text9                              1036     1036       1A         0
                text8                               C56      C56       FE         0
                text7                               B16      B16      140         0
                text6                               FCE      FCE       32         0
                text5                               E1E      E1E       7A         0
                text4                              101C     101C       1A         0
                text3                              1000     1000       1C         0
                text2                              107C     107C       14         0
                text1                               F90      F90       3E         0
                text0                               F06      F06       48         0
                cinit                              1050     1050       16         0

        CLASS   CONST          

        CLASS   SMALLCONST     
                smallconst                          800      800      100         0

        CLASS   MEDIUMCONST    

        CLASS   COMRAM         
                cstackCOMRAM                         26       26       1B         1
                bssCOMRAM                             1        1       25         1

        CLASS   ABS1           

        CLASS   BIGRAM         

        CLASS   RAM            

        CLASS   BANK0          

        CLASS   BANK1          

        CLASS   BANK2          

        CLASS   BANK3          

        CLASS   BANK4          

        CLASS   BANK5          

        CLASS   BANK6          

        CLASS   BANK7          

        CLASS   SFR            

        CLASS   BIGSFR         

        CLASS   CONFIG         
                config                           300000   300000        E         4

        CLASS   IDLOC          

        CLASS   EEDATA         

        CLASS   FARRAM         

        CLASS   HEAP           

        CLASS   STACK          



SEGMENTS        Name                           Load    Length   Top    Selector   Space  Class

                reset_vec                      000000  000004  000004         0       0  CODE    
                bssCOMRAM                      000001  000040  000041         1       1  COMRAM  
                smallconst                     000800  000100  000900       400       0  SMALLCON
                text15                         000900  00079A  00109A       480       0  CODE    


UNUSED ADDRESS RANGES

        Name                Unused          Largest block    Delta
        BANK0            000060-0000FF               A0
        BANK1            000100-0001FF              100
        BANK2            000200-0002FF              100
        BANK3            000300-0003FF              100
        BANK4            000400-0004FF              100
        BANK5            000500-0005FF              100
        BANK6            000600-0006FF              100
        BANK7            000700-0007FF              100
        BIGRAM           000041-0007FF              7BF
        BIGSFR           000F53-000FFF               AD
        CODE             000004-0007FF              7FC
                         00109A-007FFF             6F66
        COMRAM           000041-00005F               1F
        CONST            000004-0007FF              7FC
                         00109A-007FFF             6F66
        EEDATA           F00000-F000FF              100
        IDLOC            200000-200007                8
        MEDIUMCONST      00109A-007FFF             6F66
        RAM              000060-0007FF              100
        SFR              000F53-000FFF                D
        SMALLCONST       00109A-007FFF              100

                                  Symbol Table

?_printf                    cstackCOMRAM 00003A
?_vfprintf                  cstackCOMRAM 000035
Clock_Init@bItTimeEn        cstackCOMRAM 00002C
Clock_Init@bStatus          cstackCOMRAM 000028
Clock_Init@bStatus_467      cstackCOMRAM 000029
Clock_Init@bStatus_468      cstackCOMRAM 00002A
Clock_Init@bStatus_471      cstackCOMRAM 00002B
Clock_Init@returnCode       cstackCOMRAM 00002D
Clock_Init@s16Timeout       cstackCOMRAM 000026
UART_ErrorHandler@errorCode cstackCOMRAM 00003E
UART_Init@baudrate          cstackCOMRAM 00003C
UART_Tx@dato                cstackCOMRAM 000026
UART_select_baud@baudrate   cstackCOMRAM 000026
_ANSELC                     (abs)        000F5D
_BAUDCON1                   (abs)        000FB8
_BRG161                     (abs)        007DC3
_BRGH1                      (abs)        007D62
_CREN                       (abs)        007D5C
_Clock_Init                 text15       000900
_OSCCON2bits                (abs)        000FD2
_OSCCONbits                 (abs)        000FD3
_OSCTUNEbits                (abs)        000F9B
_RC1IF                      (abs)        007CF5
_RCREG                      (abs)        000FAE
_RCREG1                     (abs)        000FAE
_RCSTAbits                  (abs)        000FAB
_SPBRG                      (abs)        000FAF
_SPBRGH                     (abs)        000FB0
_SPEN                       (abs)        007D5F
_SYNC1                      (abs)        007D64
_TRISC6                     (abs)        007CA6
_TRISC7                     (abs)        007CA7
_TRMT                       (abs)        007D61
_TXEN1                      (abs)        007D65
_TXREG1                     (abs)        000FAD
_TXSTA1bits                 (abs)        000FAC
_TXSTAbits                  (abs)        000FAC
_UART_ErrorHandler          text5        000E1E
_UART_Init                  text6        000FCE
_UART_Rx                    text2        00107C
_UART_RxAvailable           text1        000F90
_UART_Rx_FRAMING            text4        00101C
_UART_Rx_OVERFLOW           text3        001000
_UART_Tx                    text14       001066
_UART_config_show           text8        000C56
_UART_select_baud           text7        000B16
__HRAM                      (abs)        000000
__H__absolute__             __absolute__ 000000
__Habs1                     abs1         000000
__Hbank0                    bank0        000000
__Hbank1                    bank1        000000
__Hbank2                    bank2        000000
__Hbank3                    bank3        000000
__Hbank4                    bank4        000000
__Hbank5                    bank5        000000
__Hbank6                    bank6        000000
__Hbank7                    bank7        000000
__Hbigbss                   bigbss       000000
__Hbigdata                  bigdata      000000
__Hbigram                   bigram       000000
__Hbigsfr                   bigsfr       000000
__Hbss                      bss          000000
__HbssCOMRAM                bssCOMRAM    000000
__Hcinit                    cinit        000000
__Hclrtext                  clrtext      000000
__Hcomram                   comram       000000
__Hconfig                   config       30000E
__Hconst                    const        000000
__HcstackCOMRAM             cstackCOMRAM 000000
__Hdata                     data         000000
__Heeprom_data              eeprom_data  000000
__Hfarbss                   farbss       000000
__Hfardata                  fardata      000000
__Hheap                     heap         000000
__Hibigdata                 ibigdata     000000
__Hidata                    idata        000000
__Hidloc                    idloc        000000
__Hifardata                 ifardata     000000
__Hinit                     init         000004
__Hintcode                  intcode      000000
__Hintcode_body             intcode_body 000000
__Hintcodelo                intcodelo    000000
__Hintentry                 intentry     000000
__Hintret                   intret       000000
__Hintsave_regs             intsave_regs 000000
__Hirdata                   irdata       000000
__Hmediumconst              mediumconst  000000
__HnvFARRAM                 nvFARRAM     000000
__Hnvbit                    nvbit        000000
__Hnvrram                   nvrram       000000
__Hparam                    rparam       000000
__Hpowerup                  powerup      000000
__Hram                      ram          000000
__Hramtop                   ramtop       000800
__Hrbit                     rbit         000000
__Hrbss                     rbss         000000
__Hrdata                    rdata        000000
__Hreset_vec                reset_vec    000000
__Hrparam                   rparam       000000
__Hsfr                      sfr          000000
__Hsivt_hi                  sivt_hi      000000
__Hsivt_lo                  sivt_lo      000000
__Hsmallconst               smallconst   000900
__Hspace_0                  (abs)        00109A
__Hspace_1                  (abs)        000041
__Hspace_2                  (abs)        000000
__Hspace_4                  (abs)        60000E
__Hstack                    stack        000000
__Hstruct                   struct       000000
__Htemp                     temp         000000
__Htext                     text         000000
__Htext0                    text0        000000
__Htext1                    text1        000000
__Htext10                   text10       000000
__Htext11                   text11       000000
__Htext12                   text12       000000
__Htext13                   text13       000000
__Htext14                   text14       000000
__Htext15                   text15       000000
__Htext2                    text2        000000
__Htext3                    text3        000000
__Htext4                    text4        000000
__Htext5                    text5        000000
__Htext6                    text6        000000
__Htext7                    text7        000000
__Htext8                    text8        000000
__Htext9                    text9        000000
__LRAM                      (abs)        000001
__L__absolute__             __absolute__ 000000
__Labs1                     abs1         000000
__Lbank0                    bank0        000000
__Lbank1                    bank1        000000
__Lbank2                    bank2        000000
__Lbank3                    bank3        000000
__Lbank4                    bank4        000000
__Lbank5                    bank5        000000
__Lbank6                    bank6        000000
__Lbank7                    bank7        000000
__Lbigbss                   bigbss       000000
__Lbigdata                  bigdata      000000
__Lbigram                   bigram       000000
__Lbigsfr                   bigsfr       000000
__Lbss                      bss          000000
__LbssCOMRAM                bssCOMRAM    000000
__Lcinit                    cinit        000000
__Lclrtext                  clrtext      000000
__Lcomram                   comram       000000
__Lconfig                   config       000000
__Lconst                    const        000000
__LcstackCOMRAM             cstackCOMRAM 000000
__Ldata                     data         000000
__Leeprom_data              eeprom_data  000000
__Lfarbss                   farbss       000000
__Lfardata                  fardata      000000
__Lheap                     heap         000000
__Libigdata                 ibigdata     000000
__Lidata                    idata        000000
__Lidloc                    idloc        000000
__Lifardata                 ifardata     000000
__Linit                     init         000000
__Lintcode                  intcode      000000
__Lintcode_body             intcode_body 000000
__Lintcodelo                intcodelo    000000
__Lintentry                 intentry     000000
__Lintret                   intret       000000
__Lintsave_regs             intsave_regs 000000
__Lirdata                   irdata       000000
__Lmediumconst              mediumconst  000000
__LnvFARRAM                 nvFARRAM     000000
__Lnvbit                    nvbit        000000
__Lnvrram                   nvrram       000000
__Lparam                    rparam       000000
__Lpowerup                  powerup      000000
__Lram                      ram          000000
__Lramtop                   ramtop       000800
__Lrbit                     rbit         000000
__Lrbss                     rbss         000000
__Lrdata                    rdata        000000
__Lreset_vec                reset_vec    000000
__Lrparam                   rparam       000000
__Lsfr                      sfr          000000
__Lsivt_hi                  sivt_hi      000000
__Lsivt_lo                  sivt_lo      000000
__Lsmallconst               smallconst   000800
__Lspace_0                  (abs)        000000
__Lspace_1                  (abs)        000000
__Lspace_2                  (abs)        000000
__Lspace_4                  (abs)        000000
__Lstack                    stack        000000
__Lstruct                   struct       000000
__Ltemp                     temp         000000
__Ltext                     text         000000
__Ltext0                    text0        000000
__Ltext1                    text1        000000
__Ltext10                   text10       000000
__Ltext11                   text11       000000
__Ltext12                   text12       000000
__Ltext13                   text13       000000
__Ltext14                   text14       000000
__Ltext15                   text15       000000
__Ltext2                    text2        000000
__Ltext3                    text3        000000
__Ltext4                    text4        000000
__Ltext5                    text5        000000
__Ltext6                    text6        000000
__Ltext7                    text7        000000
__Ltext8                    text8        000000
__Ltext9                    text9        000000
__S0                        (abs)        00109A
__S1                        (abs)        000041
__S4                        (abs)        000000
__S5                        (abs)        000000
___heap_hi                  (abs)        000000
___heap_lo                  (abs)        000000
___inthi_sp                 stack        000000
___inthi_stack_hi           stack        000000
___inthi_stack_lo           stack        000000
___intlo_sp                 stack        000000
___intlo_stack_hi           stack        000000
___intlo_stack_lo           stack        000000
___param_bank               (abs)        000000
___rparam_used              (abs)        000001
___sp                       stack        000000
___stack_hi                 stack        000000
___stack_lo                 stack        000000
__accesstop                 (abs)        000060
__activetblptr              (abs)        000002
__end_of_Clock_Init         text15       000B16
__end_of_UART_ErrorHandler  text5        000E98
__end_of_UART_Init          text6        001000
__end_of_UART_Rx            text2        001090
__end_of_UART_RxAvailable   text1        000FCE
__end_of_UART_Rx_FRAMING    text4        001036
__end_of_UART_Rx_OVERFLOW   text3        00101C
__end_of_UART_Tx            text14       00107C
__end_of_UART_config_show   text8        000D54
__end_of_UART_select_baud   text7        000C56
__end_of__initialization    cinit        00105C
__end_of_fputc              text12       000E1E
__end_of_main               text0        000F4E
__end_of_printf             text9        001050
__end_of_putch              text13       00109A
__end_of_vfpfcnvrt          text11       000F06
__end_of_vfprintf           text10       000F90
__initialization            cinit        001050
__mediumconst               mediumconst  000000
__pbssCOMRAM                bssCOMRAM    000001
__pcinit                    cinit        001050
__pcstackCOMRAM             cstackCOMRAM 000026
__psmallconst               smallconst   000800
__ptext0                    text0        000F06
__ptext1                    text1        000F90
__ptext10                   text10       000F4E
__ptext11                   text11       000E98
__ptext12                   text12       000D54
__ptext13                   text13       001090
__ptext14                   text14       001066
__ptext15                   text15       000900
__ptext2                    text2        00107C
__ptext3                    text3        001000
__ptext4                    text4        00101C
__ptext5                    text5        000E1E
__ptext6                    text6        000FCE
__ptext7                    text7        000B16
__ptext8                    text8        000C56
__ptext9                    text9        001036
__ramtop                    ramtop       000800
__smallconst                smallconst   000800
_flags                      bssCOMRAM    000025
_fputc                      text12       000D54
_main                       text0        000F06
_prec                       bssCOMRAM    000023
_printf                     text9        001036
_putch                      text13       001090
_vfpfcnvrt                  text11       000E98
_vfprintf                   text10       000F4E
_width                      bssCOMRAM    000021
end_of_initialization       cinit        00105C
fputc@c                     cstackCOMRAM 000028
fputc@fp                    cstackCOMRAM 00002A
intlevel0                   text         000000
intlevel1                   text         000000
intlevel2                   text         000000
intlevel3                   text         000000
isa$std                     (abs)        000001
isa$xinst                   (abs)        000000
main@x                      cstackCOMRAM 000040
printf@ap                   cstackCOMRAM 00003B
printf@fmt                  cstackCOMRAM 00003A
putch@data                  cstackCOMRAM 000027
stackhi                     (abs)        000000
stacklo                     (abs)        000000
start                       init         000000
start_initialization        cinit        001050
vfpfcnvrt@ap                cstackCOMRAM 000034
vfpfcnvrt@fmt               cstackCOMRAM 000033
vfpfcnvrt@fp                cstackCOMRAM 000031
vfprintf@ap                 cstackCOMRAM 000038
vfprintf@cfmt               cstackCOMRAM 000039
vfprintf@fmt                cstackCOMRAM 000037
vfprintf@fp                 cstackCOMRAM 000035


MODULE INFORMATION

Module		Function		Class		Link	Load	Size
C:\Program Files\Microchip\xc8\v2.46\pic\sources\c99\common\printf.c
		_printf        		CODE           	1036	0000	26

C:\Program Files\Microchip\xc8\v2.46\pic\sources\c99\common\printf.c estimated size: 26

C:\Program Files\Microchip\xc8\v2.46\pic\sources\c99\common\nf_fputc.c
		_fputc         		CODE           	0D54	0000	202

C:\Program Files\Microchip\xc8\v2.46\pic\sources\c99\common\nf_fputc.c estimated size: 202

src/librerias/clock.c
		_Clock_Init    		CODE           	0900	0000	534

src/librerias/clock.c estimated size: 534

src/main.c
		_main          		CODE           	0F06	0000	72

src/main.c estimated size: 72

C:\Program Files\Microchip\xc8\v2.46\pic\sources\c99\common\doprnt.c
		_vfpfcnvrt     		CODE           	0E98	0000	110
		_vfprintf      		CODE           	0F4E	0000	66

C:\Program Files\Microchip\xc8\v2.46\pic\sources\c99\common\doprnt.c estimated size: 176

shared
		__initialization		CODE           	1050	0000	12

shared estimated size: 12

src/librerias/UART.c
		_UART_config_show		CODE           	0C56	0000	254
		_UART_Rx_OVERFLOW		CODE           	1000	0000	28
		_putch         		CODE           	1090	0000	10
		_UART_Rx       		CODE           	107C	0000	20
		_UART_Init     		CODE           	0FCE	0000	50
		_UART_RxAvailable		CODE           	0F90	0000	62
		_UART_Rx_FRAMING		CODE           	101C	0000	26
		_UART_select_baud		CODE           	0B16	0000	320
		_UART_Tx       		CODE           	1066	0000	22
		_UART_ErrorHandler		CODE           	0E1E	0000	122

src/librerias/UART.c estimated size: 914

