Microchip MPLAB XC8 Compiler V2.46

Linker command line:

-W-3 \
  --edf=C:\Program Files\Microchip\xc8\v2.46\pic\dat\20240104201356_en.msgs \
  -cn \
  -h+dist/default/production\multiherramienta_proyecto_universidad.X.production.sym \
  --cmf=dist/default/production\multiherramienta_proyecto_universidad.X.production.cmf \
  -z -Q18F45K50 -oC:\Users\admin\AppData\Local\Temp\xcAsg4o.\driver_tmp_3.o \
  --defsym=__MPLAB_BUILD=1 --fixupoverflow=error \
  -Mdist/default/production/multiherramienta_proyecto_universidad.X.production.map \
  --md=C:\Users\admin\AppData\Local\Temp\xcAsg4o.\driver_tmp_0.dat -E1 \
  -ver=XC8 Compiler --acfsm=1493 -ACODE=00h-07FFFh -ACONST=00h-07FFFh \
  -ASMALLCONST=0800h-08FFhx120 -AMEDIUMCONST=0800h-07FFFh -ACOMRAM=01h-05Fh \
  -AABS1=00h-07FFh -ABIGRAM=01h-07FFh -ARAM=060h-0FFh,0100h-01FFhx7 \
  -ABANK0=060h-0FFh -ABANK1=0100h-01FFh -ABANK2=0200h-02FFh \
  -ABANK3=0300h-03FFh -ABANK4=0400h-04FFh -ABANK5=0500h-05FFh \
  -ABANK6=0600h-06FFh -ABANK7=0700h-07FFh -ASFR=0F53h-0F5Fh,0F60h-0FFFh \
  -ABIGSFR=0F53h-0FFFh -ACONFIG=0300000h-030000Dh -AIDLOC=0200000h-0200007h \
  -AEEDATA=0F00000h-0F000FFh -peeprom_data=EEDATA \
  -preset_vec=00h,intcode,sivt_hi,intcodelo,sivt_lo,powerup,init \
  -pramtop=0800h -psmallconst=SMALLCONST -pmediumconst=MEDIUMCONST \
  -pconst=CONST -AFARRAM=00h-00h \
  -prdata=COMRAM,nvrram=COMRAM,nvbit=COMRAM,rbss=COMRAM,rbit=COMRAM \
  -pfarbss=FARRAM,fardata=FARRAM,nvFARRAM=FARRAM \
  -pintsave_regs=BIGRAM,bigbss=BIGRAM,bigdata=BIGRAM -pbss=RAM \
  -pidata=CODE,irdata=CODE,ibigdata=CODE,ifardata=CODE -prparam=COMRAM \
  C:\Users\admin\AppData\Local\Temp\xcAsg4o.\driver_tmp_14.o \
  dist/default/production\multiherramienta_proyecto_universidad.X.production.o 

Object code version is 3.11

Machine type is 18F45K50



                Name                               Link     Load   Length Selector   Space Scale
C:\Users\admin\AppData\Local\Temp\xcAsg4o.\driver_tmp_14.o
                config                           300000   300000        E        0       4
                init                                  0        0        4        0       0
dist/default/production\multiherramienta_proyecto_universidad.X.production.o
                config                           300000   300000        E        0       4
                mediumconst                        7EE8     7EE8      118     3F74       0
                text16                             7CD2     7CD2      216     3E69       0
                text15                             75BC     75BC       16     3ADE       0
                text14                             75B2     75B2        A     3AD9       0
                text13                             7876     7876       CA     3C3B       0
                text12                             777C     777C       76     3BBE       0
                text11                             7676     7676       46     3B3B       0
                text10                             7600     7600       1E     3B00       0
                text9                              771A     771A       62     3B8D       0
                text8                              7940     7940      10C     3CA0       0
                text7                              77F2     77F2       84     3BF9       0
                text6                              7648     7648       2E     3B24       0
                text5                              75E8     75E8       18     3AF4       0
                text4                              75AA     75AA        8     3AD5       0
                text3                              7B8C     7B8C      146     3DC6       0
                text2                              7A4C     7A4C      140     3D26       0
                text1                              761E     761E       2A     3B0F       0
                text0                              76BC     76BC       5E     3B5E       0
                cstackCOMRAM                          1        1       2A        1       1
                bssCOMRAM                            2B       2B       25        1       1
                cinit                              75D2     75D2       16     3AE9       0

TOTAL           Name                               Link     Load   Length     Space
        CLASS   CODE           
                init                                  0        0        4         0
                text16                             7CD2     7CD2      216         0
                text15                             75BC     75BC       16         0
                text14                             75B2     75B2        A         0
                text13                             7876     7876       CA         0
                text12                             777C     777C       76         0
                text11                             7676     7676       46         0
                text10                             7600     7600       1E         0
                text9                              771A     771A       62         0
                text8                              7940     7940      10C         0
                text7                              77F2     77F2       84         0
                text6                              7648     7648       2E         0
                text5                              75E8     75E8       18         0
                text4                              75AA     75AA        8         0
                text3                              7B8C     7B8C      146         0
                text2                              7A4C     7A4C      140         0
                text1                              761E     761E       2A         0
                text0                              76BC     76BC       5E         0
                cinit                              75D2     75D2       16         0

        CLASS   CONST          

        CLASS   SMALLCONST     

        CLASS   MEDIUMCONST    
                mediumconst                        7EE8     7EE8      118         0

        CLASS   COMRAM         
                cstackCOMRAM                          1        1       2A         1
                bssCOMRAM                            2B       2B       25         1

        CLASS   ABS1           

        CLASS   BIGRAM         

        CLASS   RAM            

        CLASS   BANK0          

        CLASS   BANK1          

        CLASS   BANK2          

        CLASS   BANK3          

        CLASS   BANK4          

        CLASS   BANK5          

        CLASS   BANK6          

        CLASS   BANK7          

        CLASS   SFR            

        CLASS   BIGSFR         

        CLASS   CONFIG         
                config                           300000   300000        E         4

        CLASS   IDLOC          

        CLASS   EEDATA         

        CLASS   FARRAM         

        CLASS   HEAP           

        CLASS   STACK          



SEGMENTS        Name                           Load    Length   Top    Selector   Space  Class

                reset_vec                      000000  000004  000004         0       0  CODE    
                cstackCOMRAM                   000001  00004F  000050         1       1  COMRAM  
                text4                          0075AA  000008  0075B2      3AD5       0  CODE    
                text14                         0075B2  00000A  0075BC      3AD9       0  CODE    
                text15                         0075BC  000016  0075D2      3ADE       0  CODE    
                cinit                          0075D2  000016  0075E8      3AE9       0  CODE    
                text5                          0075E8  000018  007600      3AF4       0  CODE    
                text10                         007600  00001E  00761E      3B00       0  CODE    
                text1                          00761E  00002A  007648      3B0F       0  CODE    
                text6                          007648  00002E  007676      3B24       0  CODE    
                text11                         007676  000046  0076BC      3B3B       0  CODE    
                text0                          0076BC  00005E  00771A      3B5E       0  CODE    
                text9                          00771A  000062  00777C      3B8D       0  CODE    
                text12                         00777C  000076  0077F2      3BBE       0  CODE    
                text7                          0077F2  000084  007876      3BF9       0  CODE    
                text13                         007876  0000CA  007940      3C3B       0  CODE    
                text8                          007940  00010C  007A4C      3CA0       0  CODE    
                text2                          007A4C  000140  007B8C      3D26       0  CODE    
                text3                          007B8C  000146  007CD2      3DC6       0  CODE    
                text16                         007CD2  000216  007EE8      3E69       0  CODE    
                mediumconst                    007EE8  000118  008000      3F74       0  MEDIUMCO


UNUSED ADDRESS RANGES

        Name                Unused          Largest block    Delta
        BANK0            000060-0000FF               A0
        BANK1            000100-0001FF              100
        BANK2            000200-0002FF              100
        BANK3            000300-0003FF              100
        BANK4            000400-0004FF              100
        BANK5            000500-0005FF              100
        BANK6            000600-0006FF              100
        BANK7            000700-0007FF              100
        BIGRAM           000050-0007FF              7B0
        BIGSFR           000F53-000FFF               AD
        CODE             000004-0075A9             75A6
        COMRAM           000050-00005F               10
        CONST            000004-0075A9             75A6
        EEDATA           F00000-F000FF              100
        IDLOC            200000-200007                8
        MEDIUMCONST      000800-0075A9             6DAA
        RAM              000060-0007FF              100
        SFR              000F53-000FFF                D
        SMALLCONST       000800-0075A9              100

                                  Symbol Table

?___aldiv                  cstackCOMRAM 000001
?_printf                   cstackCOMRAM 000017
?_vfprintf                 cstackCOMRAM 000010
Clock_Init@bItTimeEn       cstackCOMRAM 000007
Clock_Init@bStatus         cstackCOMRAM 000003
Clock_Init@bStatus_562     cstackCOMRAM 000004
Clock_Init@bStatus_563     cstackCOMRAM 000005
Clock_Init@bStatus_566     cstackCOMRAM 000006
Clock_Init@returnCode      cstackCOMRAM 000008
Clock_Init@s16Timeout      cstackCOMRAM 000001
SPI_BaudRateGen@FClock     cstackCOMRAM 00001D
SPI_BaudRateGen@baudReg    cstackCOMRAM 000025
SPI_ErrorHandler@errorCode cstackCOMRAM 00001C
SPI_write@dato             cstackCOMRAM 000001
UART_Init@baudrate         cstackCOMRAM 00001A
UART_Tx@dato               cstackCOMRAM 000001
UART_select_baud@baudrate  cstackCOMRAM 000001
_BAUDCON1bits              (abs)        000FB8
_BF                        (abs)        007E38
_BRG161                    (abs)        007DC3
_BRGH1                     (abs)        007D62
_CREN                      (abs)        007D5C
_Clock_Init                text16       007CD2
_OSCCON2bits               (abs)        000FD2
_OSCCONbits                (abs)        000FD3
_OSCTUNEbits               (abs)        000F9B
_RC1IF                     (abs)        007CF5
_RCREG                     (abs)        000FAE
_RCREG1                    (abs)        000FAE
_RCSTAbits                 (abs)        000FAB
_SPBRG                     (abs)        000FAF
_SPBRGH                    (abs)        000FB0
_SPEN                      (abs)        007D5F
_SPI_BaudRateGen           text7        0077F2
_SPI_ErrorHandler          text9        00771A
_SPI_master_init           text6        007648
_SPI_read                  text5        0075E8
_SPI_write                 text4        0075AA
_SSP1ADD                   (abs)        000FC8
_SSPBUF                    (abs)        000FC9
_SSPCON1bits               (abs)        000FC6
_SSPEN                     (abs)        007E35
_SSPSTATbits               (abs)        000FC7
_SYNC1                     (abs)        007D64
_TRISAbits                 (abs)        000F92
_TRISBbits                 (abs)        000F93
_TRISC6                    (abs)        007CA6
_TRISC7                    (abs)        007CA7
_TRMT                      (abs)        007D61
_TXEN1                     (abs)        007D65
_TXREG1                    (abs)        000FAD
_TXSTA1bits                (abs)        000FAC
_TXSTAbits                 (abs)        000FAC
_UART_Init                 text1        00761E
_UART_Tx                   text15       0075BC
_UART_config_show          text3        007B8C
_UART_select_baud          text2        007A4C
__HRAM                     (abs)        000000
__H__absolute__            __absolute__ 000000
__Habs1                    abs1         000000
__Hbank0                   bank0        000000
__Hbank1                   bank1        000000
__Hbank2                   bank2        000000
__Hbank3                   bank3        000000
__Hbank4                   bank4        000000
__Hbank5                   bank5        000000
__Hbank6                   bank6        000000
__Hbank7                   bank7        000000
__Hbigbss                  bigbss       000000
__Hbigdata                 bigdata      000000
__Hbigram                  bigram       000000
__Hbigsfr                  bigsfr       000000
__Hbss                     bss          000000
__HbssCOMRAM               bssCOMRAM    000000
__Hcinit                   cinit        000000
__Hclrtext                 clrtext      000000
__Hcomram                  comram       000000
__Hconfig                  config       30000E
__Hconst                   const        000000
__HcstackCOMRAM            cstackCOMRAM 000000
__Hdata                    data         000000
__Heeprom_data             eeprom_data  000000
__Hfarbss                  farbss       000000
__Hfardata                 fardata      000000
__Hheap                    heap         000000
__Hibigdata                ibigdata     000000
__Hidata                   idata        000000
__Hidloc                   idloc        000000
__Hifardata                ifardata     000000
__Hinit                    init         000004
__Hintcode                 intcode      000000
__Hintcode_body            intcode_body 000000
__Hintcodelo               intcodelo    000000
__Hintentry                intentry     000000
__Hintret                  intret       000000
__Hintsave_regs            intsave_regs 000000
__Hirdata                  irdata       000000
__Hmediumconst             mediumconst  008000
__HnvFARRAM                nvFARRAM     000000
__Hnvbit                   nvbit        000000
__Hnvrram                  nvrram       000000
__Hparam                   rparam       000000
__Hpowerup                 powerup      000000
__Hram                     ram          000000
__Hramtop                  ramtop       000800
__Hrbit                    rbit         000000
__Hrbss                    rbss         000000
__Hrdata                   rdata        000000
__Hreset_vec               reset_vec    000000
__Hrparam                  rparam       000000
__Hsfr                     sfr          000000
__Hsivt_hi                 sivt_hi      000000
__Hsivt_lo                 sivt_lo      000000
__Hsmallconst              smallconst   000000
__Hspace_0                 (abs)        008000
__Hspace_1                 (abs)        000050
__Hspace_2                 (abs)        000000
__Hspace_4                 (abs)        60000E
__Hstack                   stack        000000
__Hstruct                  struct       000000
__Htemp                    temp         000000
__Htext                    text         000000
__Htext0                   text0        000000
__Htext1                   text1        000000
__Htext10                  text10       000000
__Htext11                  text11       000000
__Htext12                  text12       000000
__Htext13                  text13       000000
__Htext14                  text14       000000
__Htext15                  text15       000000
__Htext16                  text16       000000
__Htext2                   text2        000000
__Htext3                   text3        000000
__Htext4                   text4        000000
__Htext5                   text5        000000
__Htext6                   text6        000000
__Htext7                   text7        000000
__Htext8                   text8        000000
__Htext9                   text9        000000
__LRAM                     (abs)        000001
__L__absolute__            __absolute__ 000000
__Labs1                    abs1         000000
__Lbank0                   bank0        000000
__Lbank1                   bank1        000000
__Lbank2                   bank2        000000
__Lbank3                   bank3        000000
__Lbank4                   bank4        000000
__Lbank5                   bank5        000000
__Lbank6                   bank6        000000
__Lbank7                   bank7        000000
__Lbigbss                  bigbss       000000
__Lbigdata                 bigdata      000000
__Lbigram                  bigram       000000
__Lbigsfr                  bigsfr       000000
__Lbss                     bss          000000
__LbssCOMRAM               bssCOMRAM    000000
__Lcinit                   cinit        000000
__Lclrtext                 clrtext      000000
__Lcomram                  comram       000000
__Lconfig                  config       000000
__Lconst                   const        000000
__LcstackCOMRAM            cstackCOMRAM 000000
__Ldata                    data         000000
__Leeprom_data             eeprom_data  000000
__Lfarbss                  farbss       000000
__Lfardata                 fardata      000000
__Lheap                    heap         000000
__Libigdata                ibigdata     000000
__Lidata                   idata        000000
__Lidloc                   idloc        000000
__Lifardata                ifardata     000000
__Linit                    init         000000
__Lintcode                 intcode      000000
__Lintcode_body            intcode_body 000000
__Lintcodelo               intcodelo    000000
__Lintentry                intentry     000000
__Lintret                  intret       000000
__Lintsave_regs            intsave_regs 000000
__Lirdata                  irdata       000000
__Lmediumconst             mediumconst  007EE8
__LnvFARRAM                nvFARRAM     000000
__Lnvbit                   nvbit        000000
__Lnvrram                  nvrram       000000
__Lparam                   rparam       000000
__Lpowerup                 powerup      000000
__Lram                     ram          000000
__Lramtop                  ramtop       000800
__Lrbit                    rbit         000000
__Lrbss                    rbss         000000
__Lrdata                   rdata        000000
__Lreset_vec               reset_vec    000000
__Lrparam                  rparam       000000
__Lsfr                     sfr          000000
__Lsivt_hi                 sivt_hi      000000
__Lsivt_lo                 sivt_lo      000000
__Lsmallconst              smallconst   000000
__Lspace_0                 (abs)        000000
__Lspace_1                 (abs)        000000
__Lspace_2                 (abs)        000000
__Lspace_4                 (abs)        000000
__Lstack                   stack        000000
__Lstruct                  struct       000000
__Ltemp                    temp         000000
__Ltext                    text         000000
__Ltext0                   text0        000000
__Ltext1                   text1        000000
__Ltext10                  text10       000000
__Ltext11                  text11       000000
__Ltext12                  text12       000000
__Ltext13                  text13       000000
__Ltext14                  text14       000000
__Ltext15                  text15       000000
__Ltext16                  text16       000000
__Ltext2                   text2        000000
__Ltext3                   text3        000000
__Ltext4                   text4        000000
__Ltext5                   text5        000000
__Ltext6                   text6        000000
__Ltext7                   text7        000000
__Ltext8                   text8        000000
__Ltext9                   text9        000000
__S0                       (abs)        008000
__S1                       (abs)        000050
__S4                       (abs)        000000
__S5                       (abs)        000000
___aldiv                   text8        007940
___aldiv@counter           cstackCOMRAM 000009
___aldiv@dividend          cstackCOMRAM 000001
___aldiv@divisor           cstackCOMRAM 000005
___aldiv@quotient          cstackCOMRAM 00000B
___aldiv@sign              cstackCOMRAM 00000A
___heap_hi                 (abs)        000000
___heap_lo                 (abs)        000000
___inthi_sp                stack        000000
___inthi_stack_hi          stack        000000
___inthi_stack_lo          stack        000000
___intlo_sp                stack        000000
___intlo_stack_hi          stack        000000
___intlo_stack_lo          stack        000000
___param_bank              (abs)        000000
___rparam_used             (abs)        000001
___sp                      stack        000000
___stack_hi                stack        000000
___stack_lo                stack        000000
__accesstop                (abs)        000060
__activetblptr             (abs)        000002
__end_of_Clock_Init        text16       007EE8
__end_of_SPI_BaudRateGen   text7        007876
__end_of_SPI_ErrorHandler  text9        00777C
__end_of_SPI_master_init   text6        007676
__end_of_SPI_read          text5        007600
__end_of_SPI_write         text4        0075B2
__end_of_UART_Init         text1        007648
__end_of_UART_Tx           text15       0075D2
__end_of_UART_config_show  text3        007CD2
__end_of_UART_select_baud  text2        007B8C
__end_of___aldiv           text8        007A4C
__end_of__initialization   cinit        0075DE
__end_of_fputc             text13       007940
__end_of_main              text0        00771A
__end_of_printf            text10       00761E
__end_of_putch             text14       0075BC
__end_of_vfpfcnvrt         text12       0077F2
__end_of_vfprintf          text11       0076BC
__initialization           cinit        0075D2
__mediumconst              mediumconst  007EE8
__pbssCOMRAM               bssCOMRAM    00002B
__pcinit                   cinit        0075D2
__pcstackCOMRAM            cstackCOMRAM 000001
__pmediumconst             mediumconst  007EE8
__ptext0                   text0        0076BC
__ptext1                   text1        00761E
__ptext10                  text10       007600
__ptext11                  text11       007676
__ptext12                  text12       00777C
__ptext13                  text13       007876
__ptext14                  text14       0075B2
__ptext15                  text15       0075BC
__ptext16                  text16       007CD2
__ptext2                   text2        007A4C
__ptext3                   text3        007B8C
__ptext4                   text4        0075AA
__ptext5                   text5        0075E8
__ptext6                   text6        007648
__ptext7                   text7        0077F2
__ptext8                   text8        007940
__ptext9                   text9        00771A
__ramtop                   ramtop       000800
__smallconst               smallconst   000000
_flags                     bssCOMRAM    00004F
_fputc                     text13       007876
_main                      text0        0076BC
_prec                      bssCOMRAM    00004D
_printf                    text10       007600
_putch                     text14       0075B2
_vfpfcnvrt                 text12       00777C
_vfprintf                  text11       007676
_width                     bssCOMRAM    00004B
end_of_initialization      cinit        0075DE
fputc@c                    cstackCOMRAM 000003
fputc@fp                   cstackCOMRAM 000005
intlevel0                  text         000000
intlevel1                  text         000000
intlevel2                  text         000000
intlevel3                  text         000000
isa$std                    (abs)        000001
isa$xinst                  (abs)        000000
printf@ap                  cstackCOMRAM 000019
printf@fmt                 cstackCOMRAM 000017
putch@data                 cstackCOMRAM 000002
stackhi                    (abs)        000000
stacklo                    (abs)        000000
start                      init         000000
start_initialization       cinit        0075D2
vfpfcnvrt@ap               cstackCOMRAM 00000F
vfpfcnvrt@fmt              cstackCOMRAM 00000E
vfpfcnvrt@fp               cstackCOMRAM 00000C
vfprintf@ap                cstackCOMRAM 000014
vfprintf@cfmt              cstackCOMRAM 000015
vfprintf@fmt               cstackCOMRAM 000012
vfprintf@fp                cstackCOMRAM 000010


MODULE INFORMATION

Module		Function		Class		Link	Load	Size
C:\Program Files\Microchip\xc8\v2.46\pic\sources\c99\common\printf.c
		_printf        		CODE           	7600	0000	30

C:\Program Files\Microchip\xc8\v2.46\pic\sources\c99\common\printf.c estimated size: 30

C:\Program Files\Microchip\xc8\v2.46\pic\sources\c99\common\nf_fputc.c
		_fputc         		CODE           	7876	0000	202

C:\Program Files\Microchip\xc8\v2.46\pic\sources\c99\common\nf_fputc.c estimated size: 202

librerias/variables.c
		_SPI_ErrorHandler		CODE           	771A	0000	98

librerias/variables.c estimated size: 98

librerias/SPI.c
		_SPI_read      		CODE           	75E8	0000	24
		_SPI_BaudRateGen		CODE           	77F2	0000	132
		_SPI_master_init		CODE           	7648	0000	46
		_SPI_write     		CODE           	75AA	0000	8

librerias/SPI.c estimated size: 210

C:\Program Files\Microchip\xc8\v2.46\pic\sources\c99\common\aldiv.c
		___aldiv       		CODE           	7940	0000	268

C:\Program Files\Microchip\xc8\v2.46\pic\sources\c99\common\aldiv.c estimated size: 268

C:\Program Files\Microchip\xc8\v2.46\pic\sources\c99\common\doprnt.c
		_vfpfcnvrt     		CODE           	777C	0000	118
		_vfprintf      		CODE           	7676	0000	70

C:\Program Files\Microchip\xc8\v2.46\pic\sources\c99\common\doprnt.c estimated size: 188

shared
		__initialization		CODE           	75D2	0000	12

shared estimated size: 12

librerias/clock.c
		_Clock_Init    		CODE           	7CD2	0000	534

librerias/clock.c estimated size: 534

librerias/UART.c
		_UART_config_show		CODE           	7B8C	0000	326
		_putch         		CODE           	75B2	0000	10
		_UART_Init     		CODE           	761E	0000	42
		_UART_select_baud		CODE           	7A4C	0000	320
		_UART_Tx       		CODE           	75BC	0000	22

librerias/UART.c estimated size: 720

main.c
		_main          		CODE           	76BC	0000	94

main.c estimated size: 94

