Microchip MPLAB XC8 Compiler V2.46

Linker command line:

-W-3 \
  --edf=C:\Program Files\Microchip\xc8\v2.46\pic\dat\20240104201356_en.msgs \
  -cn \
  -h+dist/default/production\multiherramienta_proyecto_universidad.X.production.sym \
  --cmf=dist/default/production\multiherramienta_proyecto_universidad.X.production.cmf \
  -z -Q18F45K50 -oC:\Users\admin\AppData\Local\Temp\xcAsec.\driver_tmp_3.o \
  --defsym=__MPLAB_BUILD=1 --fixupoverflow=error \
  -Mdist/default/production/multiherramienta_proyecto_universidad.X.production.map \
  --md=C:\Users\admin\AppData\Local\Temp\xcAsec.\driver_tmp_0.dat -E1 \
  -ver=XC8 Compiler --acfsm=1493 -ACODE=00h-07FFFh -ACONST=00h-07FFFh \
  -ASMALLCONST=0800h-08FFhx120 -AMEDIUMCONST=0800h-07FFFh -ACOMRAM=01h-05Fh \
  -AABS1=00h-07FFh -ABIGRAM=01h-07FFh -ARAM=060h-0FFh,0100h-01FFhx7 \
  -ABANK0=060h-0FFh -ABANK1=0100h-01FFh -ABANK2=0200h-02FFh \
  -ABANK3=0300h-03FFh -ABANK4=0400h-04FFh -ABANK5=0500h-05FFh \
  -ABANK6=0600h-06FFh -ABANK7=0700h-07FFh -ASFR=0F53h-0F5Fh,0F60h-0FFFh \
  -ABIGSFR=0F53h-0FFFh -ACONFIG=0300000h-030000Dh -AIDLOC=0200000h-0200007h \
  -AEEDATA=0F00000h-0F000FFh -peeprom_data=EEDATA \
  -preset_vec=00h,intcode,sivt_hi,intcodelo,sivt_lo,powerup,init \
  -pramtop=0800h -psmallconst=SMALLCONST -pmediumconst=MEDIUMCONST \
  -pconst=CONST -AFARRAM=00h-00h \
  -prdata=COMRAM,nvrram=COMRAM,nvbit=COMRAM,rbss=COMRAM,rbit=COMRAM \
  -pfarbss=FARRAM,fardata=FARRAM,nvFARRAM=FARRAM \
  -pintsave_regs=BIGRAM,bigbss=BIGRAM,bigdata=BIGRAM -pbss=RAM \
  -pidata=CODE,irdata=CODE,ibigdata=CODE,ifardata=CODE -prparam=COMRAM \
  C:\Users\admin\AppData\Local\Temp\xcAsec.\driver_tmp_14.o \
  dist/default/production\multiherramienta_proyecto_universidad.X.production.o 

Object code version is 3.11

Machine type is 18F45K50



                Name                               Link     Load   Length Selector   Space Scale
C:\Users\admin\AppData\Local\Temp\xcAsec.\driver_tmp_14.o
                config                           300000   300000        E        0       4
                init                                  0        0        4        0       0
dist/default/production\multiherramienta_proyecto_universidad.X.production.o
                config                           300000   300000        E        0       4
                smallconst                          800      800       FC      400       0
                text10                              8FC      8FC      216      47E       0
                text9                               F4C      F4C       16      47E       0
                text8                               F62      F62        A      47E       0
                text7                               D50      D50       CA      47E       0
                text6                               E1A      E1A       6E      47E       0
                text5                               E88      E88       42      47E       0
                text4                               F1C      F1C       1A      47E       0
                text3                               C52      C52       FE      47E       0
                text2                               B12      B12      140      47E       0
                text1                               ECA      ECA       2A      47E       0
                text0                               EF4      EF4       28      47E       0
                cstackCOMRAM                         26       26       1A        1       1
                bssCOMRAM                             1        1       25        1       1
                cinit                               F36      F36       16      47E       0

TOTAL           Name                               Link     Load   Length     Space
        CLASS   CODE           
                init                                  0        0        4         0
                text10                              8FC      8FC      216         0
                text9                               F4C      F4C       16         0
                text8                               F62      F62        A         0
                text7                               D50      D50       CA         0
                text6                               E1A      E1A       6E         0
                text5                               E88      E88       42         0
                text4                               F1C      F1C       1A         0
                text3                               C52      C52       FE         0
                text2                               B12      B12      140         0
                text1                               ECA      ECA       2A         0
                text0                               EF4      EF4       28         0
                cinit                               F36      F36       16         0

        CLASS   CONST          

        CLASS   SMALLCONST     
                smallconst                          800      800       FC         0

        CLASS   MEDIUMCONST    

        CLASS   COMRAM         
                cstackCOMRAM                         26       26       1A         1
                bssCOMRAM                             1        1       25         1

        CLASS   ABS1           

        CLASS   BIGRAM         

        CLASS   RAM            

        CLASS   BANK0          

        CLASS   BANK1          

        CLASS   BANK2          

        CLASS   BANK3          

        CLASS   BANK4          

        CLASS   BANK5          

        CLASS   BANK6          

        CLASS   BANK7          

        CLASS   SFR            

        CLASS   BIGSFR         

        CLASS   CONFIG         
                config                           300000   300000        E         4

        CLASS   IDLOC          

        CLASS   EEDATA         

        CLASS   FARRAM         

        CLASS   HEAP           

        CLASS   STACK          



SEGMENTS        Name                           Load    Length   Top    Selector   Space  Class

                reset_vec                      000000  000004  000004         0       0  CODE    
                bssCOMRAM                      000001  00003F  000040         1       1  COMRAM  
                smallconst                     000800  0000FC  0008FC       400       0  SMALLCON
                text10                         0008FC  000670  000F6C       47E       0  CODE    


UNUSED ADDRESS RANGES

        Name                Unused          Largest block    Delta
        BANK0            000060-0000FF               A0
        BANK1            000100-0001FF              100
        BANK2            000200-0002FF              100
        BANK3            000300-0003FF              100
        BANK4            000400-0004FF              100
        BANK5            000500-0005FF              100
        BANK6            000600-0006FF              100
        BANK7            000700-0007FF              100
        BIGRAM           000040-0007FF              7C0
        BIGSFR           000F53-000FFF               AD
        CODE             000004-0007FF              7FC
                         000F6C-007FFF             7094
        COMRAM           000040-00005F               20
        CONST            000004-0007FF              7FC
                         000F6C-007FFF             7094
        EEDATA           F00000-F000FF              100
        IDLOC            200000-200007                8
        MEDIUMCONST      000F6C-007FFF             7094
        RAM              000060-0007FF              100
        SFR              000F53-000FFF                D
        SMALLCONST       000F6C-007FFF              100

                                  Symbol Table

?_printf                  cstackCOMRAM 00003A
?_vfprintf                cstackCOMRAM 000035
Clock_Init@bItTimeEn      cstackCOMRAM 00002C
Clock_Init@bStatus        cstackCOMRAM 000028
Clock_Init@bStatus_538    cstackCOMRAM 000029
Clock_Init@bStatus_539    cstackCOMRAM 00002A
Clock_Init@bStatus_542    cstackCOMRAM 00002B
Clock_Init@returnCode     cstackCOMRAM 00002D
Clock_Init@s16Timeout     cstackCOMRAM 000026
UART_Init@baudrate        cstackCOMRAM 00003C
UART_Tx@dato              cstackCOMRAM 000026
UART_select_baud@baudrate cstackCOMRAM 000026
_BAUDCON1bits             (abs)        000FB8
_BRG161                   (abs)        007DC3
_BRGH1                    (abs)        007D62
_CREN                     (abs)        007D5C
_Clock_Init               text10       0008FC
_OSCCON2bits              (abs)        000FD2
_OSCCONbits               (abs)        000FD3
_OSCTUNEbits              (abs)        000F9B
_RC1IF                    (abs)        007CF5
_RCREG                    (abs)        000FAE
_RCREG1                   (abs)        000FAE
_RCSTAbits                (abs)        000FAB
_SPBRG                    (abs)        000FAF
_SPBRGH                   (abs)        000FB0
_SPEN                     (abs)        007D5F
_SYNC1                    (abs)        007D64
_TRISC6                   (abs)        007CA6
_TRISC7                   (abs)        007CA7
_TRMT                     (abs)        007D61
_TXEN1                    (abs)        007D65
_TXREG1                   (abs)        000FAD
_TXSTA1bits               (abs)        000FAC
_TXSTAbits                (abs)        000FAC
_UART_Init                text1        000ECA
_UART_Tx                  text9        000F4C
_UART_config_show         text3        000C52
_UART_select_baud         text2        000B12
__HRAM                    (abs)        000000
__H__absolute__           __absolute__ 000000
__Habs1                   abs1         000000
__Hbank0                  bank0        000000
__Hbank1                  bank1        000000
__Hbank2                  bank2        000000
__Hbank3                  bank3        000000
__Hbank4                  bank4        000000
__Hbank5                  bank5        000000
__Hbank6                  bank6        000000
__Hbank7                  bank7        000000
__Hbigbss                 bigbss       000000
__Hbigdata                bigdata      000000
__Hbigram                 bigram       000000
__Hbigsfr                 bigsfr       000000
__Hbss                    bss          000000
__HbssCOMRAM              bssCOMRAM    000000
__Hcinit                  cinit        000000
__Hclrtext                clrtext      000000
__Hcomram                 comram       000000
__Hconfig                 config       30000E
__Hconst                  const        000000
__HcstackCOMRAM           cstackCOMRAM 000000
__Hdata                   data         000000
__Heeprom_data            eeprom_data  000000
__Hfarbss                 farbss       000000
__Hfardata                fardata      000000
__Hheap                   heap         000000
__Hibigdata               ibigdata     000000
__Hidata                  idata        000000
__Hidloc                  idloc        000000
__Hifardata               ifardata     000000
__Hinit                   init         000004
__Hintcode                intcode      000000
__Hintcode_body           intcode_body 000000
__Hintcodelo              intcodelo    000000
__Hintentry               intentry     000000
__Hintret                 intret       000000
__Hintsave_regs           intsave_regs 000000
__Hirdata                 irdata       000000
__Hmediumconst            mediumconst  000000
__HnvFARRAM               nvFARRAM     000000
__Hnvbit                  nvbit        000000
__Hnvrram                 nvrram       000000
__Hparam                  rparam       000000
__Hpowerup                powerup      000000
__Hram                    ram          000000
__Hramtop                 ramtop       000800
__Hrbit                   rbit         000000
__Hrbss                   rbss         000000
__Hrdata                  rdata        000000
__Hreset_vec              reset_vec    000000
__Hrparam                 rparam       000000
__Hsfr                    sfr          000000
__Hsivt_hi                sivt_hi      000000
__Hsivt_lo                sivt_lo      000000
__Hsmallconst             smallconst   0008FC
__Hspace_0                (abs)        000F6C
__Hspace_1                (abs)        000040
__Hspace_2                (abs)        000000
__Hspace_4                (abs)        60000E
__Hstack                  stack        000000
__Hstruct                 struct       000000
__Htemp                   temp         000000
__Htext                   text         000000
__Htext0                  text0        000000
__Htext1                  text1        000000
__Htext10                 text10       000000
__Htext2                  text2        000000
__Htext3                  text3        000000
__Htext4                  text4        000000
__Htext5                  text5        000000
__Htext6                  text6        000000
__Htext7                  text7        000000
__Htext8                  text8        000000
__Htext9                  text9        000000
__LRAM                    (abs)        000001
__L__absolute__           __absolute__ 000000
__Labs1                   abs1         000000
__Lbank0                  bank0        000000
__Lbank1                  bank1        000000
__Lbank2                  bank2        000000
__Lbank3                  bank3        000000
__Lbank4                  bank4        000000
__Lbank5                  bank5        000000
__Lbank6                  bank6        000000
__Lbank7                  bank7        000000
__Lbigbss                 bigbss       000000
__Lbigdata                bigdata      000000
__Lbigram                 bigram       000000
__Lbigsfr                 bigsfr       000000
__Lbss                    bss          000000
__LbssCOMRAM              bssCOMRAM    000000
__Lcinit                  cinit        000000
__Lclrtext                clrtext      000000
__Lcomram                 comram       000000
__Lconfig                 config       000000
__Lconst                  const        000000
__LcstackCOMRAM           cstackCOMRAM 000000
__Ldata                   data         000000
__Leeprom_data            eeprom_data  000000
__Lfarbss                 farbss       000000
__Lfardata                fardata      000000
__Lheap                   heap         000000
__Libigdata               ibigdata     000000
__Lidata                  idata        000000
__Lidloc                  idloc        000000
__Lifardata               ifardata     000000
__Linit                   init         000000
__Lintcode                intcode      000000
__Lintcode_body           intcode_body 000000
__Lintcodelo              intcodelo    000000
__Lintentry               intentry     000000
__Lintret                 intret       000000
__Lintsave_regs           intsave_regs 000000
__Lirdata                 irdata       000000
__Lmediumconst            mediumconst  000000
__LnvFARRAM               nvFARRAM     000000
__Lnvbit                  nvbit        000000
__Lnvrram                 nvrram       000000
__Lparam                  rparam       000000
__Lpowerup                powerup      000000
__Lram                    ram          000000
__Lramtop                 ramtop       000800
__Lrbit                   rbit         000000
__Lrbss                   rbss         000000
__Lrdata                  rdata        000000
__Lreset_vec              reset_vec    000000
__Lrparam                 rparam       000000
__Lsfr                    sfr          000000
__Lsivt_hi                sivt_hi      000000
__Lsivt_lo                sivt_lo      000000
__Lsmallconst             smallconst   000800
__Lspace_0                (abs)        000000
__Lspace_1                (abs)        000000
__Lspace_2                (abs)        000000
__Lspace_4                (abs)        000000
__Lstack                  stack        000000
__Lstruct                 struct       000000
__Ltemp                   temp         000000
__Ltext                   text         000000
__Ltext0                  text0        000000
__Ltext1                  text1        000000
__Ltext10                 text10       000000
__Ltext2                  text2        000000
__Ltext3                  text3        000000
__Ltext4                  text4        000000
__Ltext5                  text5        000000
__Ltext6                  text6        000000
__Ltext7                  text7        000000
__Ltext8                  text8        000000
__Ltext9                  text9        000000
__S0                      (abs)        000F6C
__S1                      (abs)        000040
__S4                      (abs)        000000
__S5                      (abs)        000000
___heap_hi                (abs)        000000
___heap_lo                (abs)        000000
___inthi_sp               stack        000000
___inthi_stack_hi         stack        000000
___inthi_stack_lo         stack        000000
___intlo_sp               stack        000000
___intlo_stack_hi         stack        000000
___intlo_stack_lo         stack        000000
___param_bank             (abs)        000000
___rparam_used            (abs)        000001
___sp                     stack        000000
___stack_hi               stack        000000
___stack_lo               stack        000000
__accesstop               (abs)        000060
__activetblptr            (abs)        000002
__end_of_Clock_Init       text10       000B12
__end_of_UART_Init        text1        000EF4
__end_of_UART_Tx          text9        000F62
__end_of_UART_config_show text3        000D50
__end_of_UART_select_baud text2        000C52
__end_of__initialization  cinit        000F42
__end_of_fputc            text7        000E1A
__end_of_main             text0        000F1C
__end_of_printf           text4        000F36
__end_of_putch            text8        000F6C
__end_of_vfpfcnvrt        text6        000E88
__end_of_vfprintf         text5        000ECA
__initialization          cinit        000F36
__mediumconst             mediumconst  000000
__pbssCOMRAM              bssCOMRAM    000001
__pcinit                  cinit        000F36
__pcstackCOMRAM           cstackCOMRAM 000026
__psmallconst             smallconst   000800
__ptext0                  text0        000EF4
__ptext1                  text1        000ECA
__ptext10                 text10       0008FC
__ptext2                  text2        000B12
__ptext3                  text3        000C52
__ptext4                  text4        000F1C
__ptext5                  text5        000E88
__ptext6                  text6        000E1A
__ptext7                  text7        000D50
__ptext8                  text8        000F62
__ptext9                  text9        000F4C
__ramtop                  ramtop       000800
__smallconst              smallconst   000800
_flags                    bssCOMRAM    000025
_fputc                    text7        000D50
_main                     text0        000EF4
_prec                     bssCOMRAM    000023
_printf                   text4        000F1C
_putch                    text8        000F62
_vfpfcnvrt                text6        000E1A
_vfprintf                 text5        000E88
_width                    bssCOMRAM    000021
end_of_initialization     cinit        000F42
fputc@c                   cstackCOMRAM 000028
fputc@fp                  cstackCOMRAM 00002A
intlevel0                 text         000000
intlevel1                 text         000000
intlevel2                 text         000000
intlevel3                 text         000000
isa$std                   (abs)        000001
isa$xinst                 (abs)        000000
printf@ap                 cstackCOMRAM 00003B
printf@fmt                cstackCOMRAM 00003A
putch@data                cstackCOMRAM 000027
stackhi                   (abs)        000000
stacklo                   (abs)        000000
start                     init         000000
start_initialization      cinit        000F36
vfpfcnvrt@ap              cstackCOMRAM 000034
vfpfcnvrt@fmt             cstackCOMRAM 000033
vfpfcnvrt@fp              cstackCOMRAM 000031
vfprintf@ap               cstackCOMRAM 000038
vfprintf@cfmt             cstackCOMRAM 000039
vfprintf@fmt              cstackCOMRAM 000037
vfprintf@fp               cstackCOMRAM 000035


MODULE INFORMATION

Module		Function		Class		Link	Load	Size
C:\Program Files\Microchip\xc8\v2.46\pic\sources\c99\common\printf.c
		_printf        		CODE           	0F1C	0000	26

C:\Program Files\Microchip\xc8\v2.46\pic\sources\c99\common\printf.c estimated size: 26

C:\Program Files\Microchip\xc8\v2.46\pic\sources\c99\common\nf_fputc.c
		_fputc         		CODE           	0D50	0000	202

C:\Program Files\Microchip\xc8\v2.46\pic\sources\c99\common\nf_fputc.c estimated size: 202

C:\Program Files\Microchip\xc8\v2.46\pic\sources\c99\common\doprnt.c
		_vfpfcnvrt     		CODE           	0E1A	0000	110
		_vfprintf      		CODE           	0E88	0000	66

C:\Program Files\Microchip\xc8\v2.46\pic\sources\c99\common\doprnt.c estimated size: 176

shared
		__initialization		CODE           	0F36	0000	12

shared estimated size: 12

librerias/clock.c
		_Clock_Init    		CODE           	08FC	0000	534

librerias/clock.c estimated size: 534

librerias/UART.c
		_UART_config_show		CODE           	0C52	0000	254
		_putch         		CODE           	0F62	0000	10
		_UART_Init     		CODE           	0ECA	0000	42
		_UART_select_baud		CODE           	0B12	0000	320
		_UART_Tx       		CODE           	0F4C	0000	22

librerias/UART.c estimated size: 648

main.c
		_main          		CODE           	0EF4	0000	40

main.c estimated size: 40

